Archive member included to satisfy reference by file (symbol)

c:/ac6/systemworkbench/plugins/fr.ac6.mcu.externaltools.arm-none.win32_1.13.3.201707031232/tools/compiler/bin/../lib/gcc/arm-none-eabi/5.4.1/armv7-m\libgcc.a(_arm_addsubdf3.o)
                              Src/test_packetSending.o (__aeabi_i2d)
c:/ac6/systemworkbench/plugins/fr.ac6.mcu.externaltools.arm-none.win32_1.13.3.201707031232/tools/compiler/bin/../lib/gcc/arm-none-eabi/5.4.1/armv7-m\libgcc.a(_arm_muldivdf3.o)
                              Src/test_packetSending.o (__aeabi_dmul)
c:/ac6/systemworkbench/plugins/fr.ac6.mcu.externaltools.arm-none.win32_1.13.3.201707031232/tools/compiler/bin/../lib/gcc/arm-none-eabi/5.4.1/armv7-m\libgcc.a(_arm_fixdfsi.o)
                              Src/test_packetSending.o (__aeabi_d2iz)
c:/ac6/systemworkbench/plugins/fr.ac6.mcu.externaltools.arm-none.win32_1.13.3.201707031232/tools/compiler/bin/../lib/gcc/arm-none-eabi/5.4.1/armv7-m\libgcc.a(_arm_fixunsdfsi.o)
                              Src/test_packetSending.o (__aeabi_d2uiz)
c:/ac6/systemworkbench/plugins/fr.ac6.mcu.externaltools.arm-none.win32_1.13.3.201707031232/tools/compiler/bin/../lib/gcc/arm-none-eabi/5.4.1/../../../../arm-none-eabi/lib/armv7-m\libc_nano.a(lib_a-exit.o)
                              c:/ac6/systemworkbench/plugins/fr.ac6.mcu.externaltools.arm-none.win32_1.13.3.201707031232/tools/compiler/bin/../lib/gcc/arm-none-eabi/5.4.1/../../../../arm-none-eabi/lib/armv7-m/crt0.o (exit)
c:/ac6/systemworkbench/plugins/fr.ac6.mcu.externaltools.arm-none.win32_1.13.3.201707031232/tools/compiler/bin/../lib/gcc/arm-none-eabi/5.4.1/../../../../arm-none-eabi/lib/armv7-m\libc_nano.a(lib_a-impure.o)
                              c:/ac6/systemworkbench/plugins/fr.ac6.mcu.externaltools.arm-none.win32_1.13.3.201707031232/tools/compiler/bin/../lib/gcc/arm-none-eabi/5.4.1/../../../../arm-none-eabi/lib/armv7-m\libc_nano.a(lib_a-exit.o) (_global_impure_ptr)
c:/ac6/systemworkbench/plugins/fr.ac6.mcu.externaltools.arm-none.win32_1.13.3.201707031232/tools/compiler/bin/../lib/gcc/arm-none-eabi/5.4.1/../../../../arm-none-eabi/lib/armv7-m\libc_nano.a(lib_a-init.o)
                              c:/ac6/systemworkbench/plugins/fr.ac6.mcu.externaltools.arm-none.win32_1.13.3.201707031232/tools/compiler/bin/../lib/gcc/arm-none-eabi/5.4.1/../../../../arm-none-eabi/lib/armv7-m/crt0.o (__libc_init_array)
c:/ac6/systemworkbench/plugins/fr.ac6.mcu.externaltools.arm-none.win32_1.13.3.201707031232/tools/compiler/bin/../lib/gcc/arm-none-eabi/5.4.1/../../../../arm-none-eabi/lib/armv7-m\libc_nano.a(lib_a-memcpy-stub.o)
                              Src/TextOut.o (memcpy)
c:/ac6/systemworkbench/plugins/fr.ac6.mcu.externaltools.arm-none.win32_1.13.3.201707031232/tools/compiler/bin/../lib/gcc/arm-none-eabi/5.4.1/../../../../arm-none-eabi/lib/armv7-m\libc_nano.a(lib_a-memset.o)
                              c:/ac6/systemworkbench/plugins/fr.ac6.mcu.externaltools.arm-none.win32_1.13.3.201707031232/tools/compiler/bin/../lib/gcc/arm-none-eabi/5.4.1/../../../../arm-none-eabi/lib/armv7-m/crt0.o (memset)
c:/ac6/systemworkbench/plugins/fr.ac6.mcu.externaltools.arm-none.win32_1.13.3.201707031232/tools/compiler/bin/../lib/gcc/arm-none-eabi/5.4.1/../../../../arm-none-eabi/lib/armv7-m\libc_nano.a(lib_a-sprintf.o)
                              Src/main.o (sprintf)
c:/ac6/systemworkbench/plugins/fr.ac6.mcu.externaltools.arm-none.win32_1.13.3.201707031232/tools/compiler/bin/../lib/gcc/arm-none-eabi/5.4.1/../../../../arm-none-eabi/lib/armv7-m\libc_nano.a(lib_a-strchr.o)
                              Src/TextOut.o (strchr)
c:/ac6/systemworkbench/plugins/fr.ac6.mcu.externaltools.arm-none.win32_1.13.3.201707031232/tools/compiler/bin/../lib/gcc/arm-none-eabi/5.4.1/../../../../arm-none-eabi/lib/armv7-m\libc_nano.a(lib_a-strcpy.o)
                              Src/TextOut.o (strcpy)
c:/ac6/systemworkbench/plugins/fr.ac6.mcu.externaltools.arm-none.win32_1.13.3.201707031232/tools/compiler/bin/../lib/gcc/arm-none-eabi/5.4.1/../../../../arm-none-eabi/lib/armv7-m\libc_nano.a(lib_a-strlen.o)
                              Src/TextOut.o (strlen)
c:/ac6/systemworkbench/plugins/fr.ac6.mcu.externaltools.arm-none.win32_1.13.3.201707031232/tools/compiler/bin/../lib/gcc/arm-none-eabi/5.4.1/../../../../arm-none-eabi/lib/armv7-m\libc_nano.a(lib_a-nano-svfprintf.o)
                              c:/ac6/systemworkbench/plugins/fr.ac6.mcu.externaltools.arm-none.win32_1.13.3.201707031232/tools/compiler/bin/../lib/gcc/arm-none-eabi/5.4.1/../../../../arm-none-eabi/lib/armv7-m\libc_nano.a(lib_a-sprintf.o) (_svfprintf_r)
c:/ac6/systemworkbench/plugins/fr.ac6.mcu.externaltools.arm-none.win32_1.13.3.201707031232/tools/compiler/bin/../lib/gcc/arm-none-eabi/5.4.1/../../../../arm-none-eabi/lib/armv7-m\libc_nano.a(lib_a-nano-vfprintf_i.o)
[...]
Memory Configuration

Name             Origin             Length             Attributes
RAM              0x20000000         0x00005000         xrw
FLASH            0x08000000         0x00010000         xr
*default*        0x00000000         0xffffffff

Linker script and memory map

LOAD c:/ac6/systemworkbench/plugins/fr.ac6.mcu.externaltools.arm-none.win32_1.13.3.201707031232/tools/compiler/bin/../lib/gcc/arm-none-eabi/5.4.1/armv7-m/crti.o
LOAD c:/ac6/systemworkbench/plugins/fr.ac6.mcu.externaltools.arm-none.win32_1.13.3.201707031232/tools/compiler/bin/../lib/gcc/arm-none-eabi/5.4.1/armv7-m/crtbegin.o
LOAD c:/ac6/systemworkbench/plugins/fr.ac6.mcu.externaltools.arm-none.win32_1.13.3.201707031232/tools/compiler/bin/../lib/gcc/arm-none-eabi/5.4.1/../../../../arm-none-eabi/lib/armv7-m/crt0.o
LOAD Drivers/STM32F1xx_HAL_Driver/Src/stm32f1xx_hal.o
LOAD Drivers/STM32F1xx_HAL_Driver/Src/stm32f1xx_hal_cortex.o
LOAD Drivers/STM32F1xx_HAL_Driver/Src/stm32f1xx_hal_dma.o
LOAD Drivers/STM32F1xx_HAL_Driver/Src/stm32f1xx_hal_flash.o
LOAD Drivers/STM32F1xx_HAL_Driver/Src/stm32f1xx_hal_flash_ex.o
LOAD Drivers/STM32F1xx_HAL_Driver/Src/stm32f1xx_hal_gpio.o
LOAD Drivers/STM32F1xx_HAL_Driver/Src/stm32f1xx_hal_gpio_ex.o
LOAD Drivers/STM32F1xx_HAL_Driver/Src/stm32f1xx_hal_pcd.o
LOAD Drivers/STM32F1xx_HAL_Driver/Src/stm32f1xx_hal_pcd_ex.o
LOAD Drivers/STM32F1xx_HAL_Driver/Src/stm32f1xx_hal_pwr.o
LOAD Drivers/STM32F1xx_HAL_Driver/Src/stm32f1xx_hal_rcc.o
LOAD Drivers/STM32F1xx_HAL_Driver/Src/stm32f1xx_hal_rcc_ex.o
LOAD Drivers/STM32F1xx_HAL_Driver/Src/stm32f1xx_hal_spi.o
LOAD Drivers/STM32F1xx_HAL_Driver/Src/stm32f1xx_hal_spi_ex.o
LOAD Drivers/STM32F1xx_HAL_Driver/Src/stm32f1xx_hal_tim.o
LOAD Drivers/STM32F1xx_HAL_Driver/Src/stm32f1xx_hal_tim_ex.o
LOAD Drivers/STM32F1xx_HAL_Driver/Src/stm32f1xx_ll_usb.o
LOAD Middlewares/ST/STM32_USB_Device_Library/Class/CDC/Src/usbd_cdc.o
LOAD Middlewares/ST/STM32_USB_Device_Library/Core/Src/usbd_core.o
LOAD Middlewares/ST/STM32_USB_Device_Library/Core/Src/usbd_ctlreq.o
LOAD Middlewares/ST/STM32_USB_Device_Library/Core/Src/usbd_ioreq.o
LOAD Src/TextOut.o
LOAD Src/basestationNRF24.o
LOAD Src/bitops.o
LOAD Src/gpio.o
LOAD Src/main.o
LOAD Src/myNRF24.o
LOAD Src/myNRF24basic.o
LOAD Src/packing.o
LOAD Src/spi.o
LOAD Src/stm32f1xx_hal_msp.o
LOAD Src/stm32f1xx_it.o
LOAD Src/system_stm32f1xx.o
LOAD Src/test_packetSending.o
LOAD Src/test_packing.o
LOAD Src/usb_device.o
LOAD Src/usbd_cdc_if.o
LOAD Src/usbd_conf.o
LOAD Src/usbd_desc.o
LOAD startup/startup_stm32f103xb.o
LOAD c:/ac6/systemworkbench/plugins/fr.ac6.mcu.externaltools.arm-none.win32_1.13.3.201707031232/tools/compiler/bin/../lib/gcc/arm-none-eabi/5.4.1/../../../../arm-none-eabi/lib/armv7-m\libm.a
START GROUP
LOAD c:/ac6/systemworkbench/plugins/fr.ac6.mcu.externaltools.arm-none.win32_1.13.3.201707031232/tools/compiler/bin/../lib/gcc/arm-none-eabi/5.4.1/armv7-m\libgcc.a
LOAD c:/ac6/systemworkbench/plugins/fr.ac6.mcu.externaltools.arm-none.win32_1.13.3.201707031232/tools/compiler/bin/../lib/gcc/arm-none-eabi/5.4.1/../../../../arm-none-eabi/lib/armv7-m\libc_nano.a
END GROUP
START GROUP
LOAD c:/ac6/systemworkbench/plugins/fr.ac6.mcu.externaltools.arm-none.win32_1.13.3.201707031232/tools/compiler/bin/../lib/gcc/arm-none-eabi/5.4.1/armv7-m\libgcc.a
LOAD c:/ac6/systemworkbench/plugins/fr.ac6.mcu.externaltools.arm-none.win32_1.13.3.201707031232/tools/compiler/bin/../lib/gcc/arm-none-eabi/5.4.1/../../../../arm-none-eabi/lib/armv7-m\libc_nano.a
LOAD c:/ac6/systemworkbench/plugins/fr.ac6.mcu.externaltools.arm-none.win32_1.13.3.201707031232/tools/compiler/bin/../lib/gcc/arm-none-eabi/5.4.1/../../../../arm-none-eabi/lib/armv7-m\libnosys.a
END GROUP
START GROUP
LOAD c:/ac6/systemworkbench/plugins/fr.ac6.mcu.externaltools.arm-none.win32_1.13.3.201707031232/tools/compiler/bin/../lib/gcc/arm-none-eabi/5.4.1/armv7-m\libgcc.a
LOAD c:/ac6/systemworkbench/plugins/fr.ac6.mcu.externaltools.arm-none.win32_1.13.3.201707031232/tools/compiler/bin/../lib/gcc/arm-none-eabi/5.4.1/../../../../arm-none-eabi/lib/armv7-m\libc_nano.a
LOAD c:/ac6/systemworkbench/plugins/fr.ac6.mcu.externaltools.arm-none.win32_1.13.3.201707031232/tools/compiler/bin/../lib/gcc/arm-none-eabi/5.4.1/../../../../arm-none-eabi/lib/armv7-m\libnosys.a
END GROUP
LOAD c:/ac6/systemworkbench/plugins/fr.ac6.mcu.externaltools.arm-none.win32_1.13.3.201707031232/tools/compiler/bin/../lib/gcc/arm-none-eabi/5.4.1/armv7-m/crtend.o
LOAD c:/ac6/systemworkbench/plugins/fr.ac6.mcu.externaltools.arm-none.win32_1.13.3.201707031232/tools/compiler/bin/../lib/gcc/arm-none-eabi/5.4.1/armv7-m/crtn.o
                0x20005000                _estack = 0x20005000
                0x00000200                _Min_Heap_Size = 0x200
                0x00000400                _Min_Stack_Size = 0x400

.isr_vector     0x08000000      0x10c
                0x08000000                . = ALIGN (0x4)
 *(.isr_vector)
 .isr_vector    0x08000000      0x10c startup/startup_stm32f103xb.o
                0x08000000                g_pfnVectors
                0x0800010c                . = ALIGN (0x4)

.text           0x0800010c     0x49c8
                0x0800010c                . = ALIGN (0x4)
 *(.text)
 .text          0x0800010c       0x5c c:/ac6/systemworkbench/plugins/fr.ac6.mcu.externaltools.arm-none.win32_1.13.3.201707031232/tools/compiler/bin/../lib/gcc/arm-none-eabi/5.4.1/armv7-m/crtbegin.o
 .text          0x08000168       0x10 c:/ac6/systemworkbench/plugins/fr.ac6.mcu.externaltools.arm-none.win32_1.13.3.201707031232/tools/compiler/bin/../lib/gcc/arm-none-eabi/5.4.1/../../../../arm-none-eabi/lib/armv7-m\libc_nano.a(lib_a-strlen.o)
                0x08000168                strlen
 *(.text*)
 .text.HAL_InitTick
                0x08000178       0x48 Drivers/STM32F1xx_HAL_Driver/Src/stm32f1xx_hal.o
                0x08000178                HAL_InitTick
 .text.HAL_Init
                0x080001c0       0x24 Drivers/STM32F1xx_HAL_Driver/Src/stm32f1xx_hal.o
                0x080001c0                HAL_Init
 .text.HAL_IncTick
                0x080001e4       0x18 Drivers/STM32F1xx_HAL_Driver/Src/stm32f1xx_hal.o
                0x080001e4                HAL_IncTick
 .text.HAL_GetTick
                0x080001fc        0xc Drivers/STM32F1xx_HAL_Driver/Src/stm32f1xx_hal.o
                0x080001fc                HAL_GetTick
 .text.HAL_Delay
                0x08000208       0x28 Drivers/STM32F1xx_HAL_Driver/Src/stm32f1xx_hal.o
                0x08000208                HAL_Delay
 .text.HAL_NVIC_SetPriorityGrouping
                0x08000230       0x24 Drivers/STM32F1xx_HAL_Driver/Src/stm32f1xx_hal_cortex.o
                0x08000230                HAL_NVIC_SetPriorityGrouping
 .text.HAL_NVIC_SetPriority
                0x08000254       0x64 Drivers/STM32F1xx_HAL_Driver/Src/stm32f1xx_hal_cortex.o
                0x08000254                HAL_NVIC_SetPriority
 .text.HAL_NVIC_EnableIRQ
                0x080002b8       0x18 Drivers/STM32F1xx_HAL_Driver/Src/stm32f1xx_hal_cortex.o
                0x080002b8                HAL_NVIC_EnableIRQ
 .text.HAL_SYSTICK_Config
                0x080002d0       0x2c Drivers/STM32F1xx_HAL_Driver/Src/stm32f1xx_hal_cortex.o
                0x080002d0                HAL_SYSTICK_Config
 .text.HAL_SYSTICK_CLKSourceConfig
                0x080002fc       0x20 Drivers/STM32F1xx_HAL_Driver/Src/stm32f1xx_hal_cortex.o
                0x080002fc                HAL_SYSTICK_CLKSourceConfig
 .text.HAL_SYSTICK_Callback
                0x0800031c        0x4 Drivers/STM32F1xx_HAL_Driver/Src/stm32f1xx_hal_cortex.o
                0x0800031c                HAL_SYSTICK_Callback
 .text.HAL_SYSTICK_IRQHandler
                0x08000320        0x8 Drivers/STM32F1xx_HAL_Driver/Src/stm32f1xx_hal_cortex.o
                0x08000320                HAL_SYSTICK_IRQHandler
 .text.HAL_GPIO_Init
                0x08000328      0x1d8 Drivers/STM32F1xx_HAL_Driver/Src/stm32f1xx_hal_gpio.o
                0x08000328                HAL_GPIO_Init
 .text.HAL_GPIO_ReadPin
                0x08000500       0x10 Drivers/STM32F1xx_HAL_Driver/Src/stm32f1xx_hal_gpio.o
                0x08000500                HAL_GPIO_ReadPin
 .text.HAL_GPIO_WritePin
                0x08000510        0xc Drivers/STM32F1xx_HAL_Driver/Src/stm32f1xx_hal_gpio.o
                0x08000510                HAL_GPIO_WritePin
 .text.HAL_PCD_Init
                0x0800051c       0xdc Drivers/STM32F1xx_HAL_Driver/Src/stm32f1xx_hal_pcd.o
                0x0800051c                HAL_PCD_Init
 .text.HAL_PCD_Start
                0x080005f8       0x30 Drivers/STM32F1xx_HAL_Driver/Src/stm32f1xx_hal_pcd.o
                0x080005f8                HAL_PCD_Start
 .text.HAL_PCD_SetAddress
                0x08000628       0x28 Drivers/STM32F1xx_HAL_Driver/Src/stm32f1xx_hal_pcd.o
                0x08000628                HAL_PCD_SetAddress
 .text.HAL_PCD_EP_Open
                0x08000650       0x54 Drivers/STM32F1xx_HAL_Driver/Src/stm32f1xx_hal_pcd.o
                0x08000650                HAL_PCD_EP_Open
 .text.HAL_PCD_EP_Close
                0x080006a4       0x50 Drivers/STM32F1xx_HAL_Driver/Src/stm32f1xx_hal_pcd.o
                0x080006a4                HAL_PCD_EP_Close
 .text.HAL_PCD_EP_Receive
                0x080006f4       0x40 Drivers/STM32F1xx_HAL_Driver/Src/stm32f1xx_hal_pcd.o
                0x080006f4                HAL_PCD_EP_Receive
 .text.HAL_PCD_EP_GetRxCount
                0x08000734       0x10 Drivers/STM32F1xx_HAL_Driver/Src/stm32f1xx_hal_pcd.o
                0x08000734                HAL_PCD_EP_GetRxCount
 .text.HAL_PCD_EP_Transmit
                0x08000744       0x3c Drivers/STM32F1xx_HAL_Driver/Src/stm32f1xx_hal_pcd.o
                0x08000744                HAL_PCD_EP_Transmit
 .text.PCD_EP_ISR_Handler
                0x08000780      0x45c Drivers/STM32F1xx_HAL_Driver/Src/stm32f1xx_hal_pcd.o
 .text.HAL_PCD_IRQHandler
                0x08000bdc      0x15c Drivers/STM32F1xx_HAL_Driver/Src/stm32f1xx_hal_pcd.o
                0x08000bdc                HAL_PCD_IRQHandler
 .text.HAL_PCD_EP_SetStall
                0x08000d38       0x5c Drivers/STM32F1xx_HAL_Driver/Src/stm32f1xx_hal_pcd.o
                0x08000d38                HAL_PCD_EP_SetStall
 .text.HAL_PCD_EP_ClrStall
                0x08000d94       0x50 Drivers/STM32F1xx_HAL_Driver/Src/stm32f1xx_hal_pcd.o
                0x08000d94                HAL_PCD_EP_ClrStall
 .text.HAL_PCDEx_PMAConfig
                0x08000de4       0x38 Drivers/STM32F1xx_HAL_Driver/Src/stm32f1xx_hal_pcd_ex.o
                0x08000de4                HAL_PCDEx_PMAConfig
 .text.RCC_Delay
                0x08000e1c       0x2c Drivers/STM32F1xx_HAL_Driver/Src/stm32f1xx_hal_rcc.o
 .text.HAL_RCC_OscConfig
                0x08000e48      0x400 Drivers/STM32F1xx_HAL_Driver/Src/stm32f1xx_hal_rcc.o
                0x08000e48                HAL_RCC_OscConfig
 .text.HAL_RCC_GetSysClockFreq
                0x08001248       0x70 Drivers/STM32F1xx_HAL_Driver/Src/stm32f1xx_hal_rcc.o
                0x08001248                HAL_RCC_GetSysClockFreq
 .text.HAL_RCC_ClockConfig
                0x080012b8      0x184 Drivers/STM32F1xx_HAL_Driver/Src/stm32f1xx_hal_rcc.o
                0x080012b8                HAL_RCC_ClockConfig
 .text.HAL_RCC_GetHCLKFreq
                0x0800143c        0xc Drivers/STM32F1xx_HAL_Driver/Src/stm32f1xx_hal_rcc.o
                0x0800143c                HAL_RCC_GetHCLKFreq
 .text.HAL_RCCEx_PeriphCLKConfig
                0x08001448      0x114 Drivers/STM32F1xx_HAL_Driver/Src/stm32f1xx_hal_rcc_ex.o
                0x08001448                HAL_RCCEx_PeriphCLKConfig
 .text.SPI_WaitFlagStateUntilTimeout
                0x0800155c       0x94 Drivers/STM32F1xx_HAL_Driver/Src/stm32f1xx_hal_spi.o
 .text.SPI_CheckFlag_BSY
                0x080015f0       0x28 Drivers/STM32F1xx_HAL_Driver/Src/stm32f1xx_hal_spi.o
 .text.HAL_SPI_Transmit
                0x08001618      0x1b0 Drivers/STM32F1xx_HAL_Driver/Src/stm32f1xx_hal_spi.o
                0x08001618                HAL_SPI_Transmit
 .text.HAL_SPI_TransmitReceive
                0x080017c8      0x244 Drivers/STM32F1xx_HAL_Driver/Src/stm32f1xx_hal_spi.o
                0x080017c8                HAL_SPI_TransmitReceive
 .text.HAL_SPI_Receive
                0x08001a0c      0x16c Drivers/STM32F1xx_HAL_Driver/Src/stm32f1xx_hal_spi.o
                0x08001a0c                HAL_SPI_Receive
 .text.HAL_SPI_Init
                0x08001b78       0x84 Drivers/STM32F1xx_HAL_Driver/Src/stm32f1xx_hal_spi_ex.o
                0x08001b78                HAL_SPI_Init
 .text.USB_CoreInit
                0x08001bfc       0x10 Drivers/STM32F1xx_HAL_Driver/Src/stm32f1xx_ll_usb.o
                0x08001bfc                USB_CoreInit
 .text.USB_EnableGlobalInt
                0x08001c0c       0x14 Drivers/STM32F1xx_HAL_Driver/Src/stm32f1xx_ll_usb.o
                0x08001c0c                USB_EnableGlobalInt
 .text.USB_DisableGlobalInt
                0x08001c20       0x14 Drivers/STM32F1xx_HAL_Driver/Src/stm32f1xx_ll_usb.o
                0x08001c20                USB_DisableGlobalInt
 .text.USB_SetCurrentMode
                0x08001c34        0x4 Drivers/STM32F1xx_HAL_Driver/Src/stm32f1xx_ll_usb.o
                0x08001c34                USB_SetCurrentMode
 .text.USB_DevInit
                0x08001c38       0x2c Drivers/STM32F1xx_HAL_Driver/Src/stm32f1xx_ll_usb.o
                0x08001c38                USB_DevInit
 .text.USB_ActivateEndpoint
                0x08001c64      0x33c Drivers/STM32F1xx_HAL_Driver/Src/stm32f1xx_ll_usb.o
                0x08001c64                USB_ActivateEndpoint
 .text.USB_DeactivateEndpoint
                0x08001fa0      0x1d0 Drivers/STM32F1xx_HAL_Driver/Src/stm32f1xx_ll_usb.o
                0x08001fa0                USB_DeactivateEndpoint
 .text.USB_EPSetStall
                0x08002170       0x70 Drivers/STM32F1xx_HAL_Driver/Src/stm32f1xx_ll_usb.o
                0x08002170                USB_EPSetStall
 .text.USB_EPClearStall
                0x080021e0       0x98 Drivers/STM32F1xx_HAL_Driver/Src/stm32f1xx_ll_usb.o
                0x080021e0                USB_EPClearStall
 .text.USB_SetDevAddress
                0x08002278        0xc Drivers/STM32F1xx_HAL_Driver/Src/stm32f1xx_ll_usb.o
                0x08002278                USB_SetDevAddress
 .text.USB_DevConnect
                0x08002284        0x4 Drivers/STM32F1xx_HAL_Driver/Src/stm32f1xx_ll_usb.o
                0x08002284                USB_DevConnect
 .text.USB_DevDisconnect
                0x08002288        0x4 Drivers/STM32F1xx_HAL_Driver/Src/stm32f1xx_ll_usb.o
                0x08002288                USB_DevDisconnect
 .text.USB_ReadInterrupts
                0x0800228c        0x8 Drivers/STM32F1xx_HAL_Driver/Src/stm32f1xx_ll_usb.o
                0x0800228c                USB_ReadInterrupts
 .text.USB_EP0_OutStart
                0x08002294        0x4 Drivers/STM32F1xx_HAL_Driver/Src/stm32f1xx_ll_usb.o
                0x08002294                USB_EP0_OutStart
 .text.USB_WritePMA
                0x08002298       0x28 Drivers/STM32F1xx_HAL_Driver/Src/stm32f1xx_ll_usb.o
                0x08002298                USB_WritePMA
 .text.USB_EPStartXfer
                0x080022c0      0x2e8 Drivers/STM32F1xx_HAL_Driver/Src/stm32f1xx_ll_usb.o
                0x080022c0                USB_EPStartXfer
 .text.USB_ReadPMA
                0x080025a8       0x20 Drivers/STM32F1xx_HAL_Driver/Src/stm32f1xx_ll_usb.o
                0x080025a8                USB_ReadPMA
 .text.USBD_CDC_DataIn
                0x080025c8       0x14 Middlewares/ST/STM32_USB_Device_Library/Class/CDC/Src/usbd_cdc.o
 .text.USBD_CDC_EP0_RxReady
                0x080025dc       0x28 Middlewares/ST/STM32_USB_Device_Library/Class/CDC/Src/usbd_cdc.o
 .text.USBD_CDC_GetFSCfgDesc
                0x08002604        0xc Middlewares/ST/STM32_USB_Device_Library/Class/CDC/Src/usbd_cdc.o
 .text.USBD_CDC_GetHSCfgDesc
                0x08002610        0xc Middlewares/ST/STM32_USB_Device_Library/Class/CDC/Src/usbd_cdc.o
 .text.USBD_CDC_GetOtherSpeedCfgDesc
                0x0800261c        0xc Middlewares/ST/STM32_USB_Device_Library/Class/CDC/Src/usbd_cdc.o
 .text.USBD_CDC_GetDeviceQualifierDescriptor
                0x08002628        0xc Middlewares/ST/STM32_USB_Device_Library/Class/CDC/Src/usbd_cdc.o
                0x08002628                USBD_CDC_GetDeviceQualifierDescriptor
 .text.USBD_CDC_DataOut
                0x08002634       0x30 Middlewares/ST/STM32_USB_Device_Library/Class/CDC/Src/usbd_cdc.o
 .text.USBD_CDC_Setup
                0x08002664       0x74 Middlewares/ST/STM32_USB_Device_Library/Class/CDC/Src/usbd_cdc.o
 .text.USBD_CDC_DeInit
                0x080026d8       0x3c Middlewares/ST/STM32_USB_Device_Library/Class/CDC/Src/usbd_cdc.o
 .text.USBD_CDC_Init
                0x08002714       0x98 Middlewares/ST/STM32_USB_Device_Library/Class/CDC/Src/usbd_cdc.o
 .text.USBD_CDC_RegisterInterface
                0x080027ac       0x10 Middlewares/ST/STM32_USB_Device_Library/Class/CDC/Src/usbd_cdc.o
                0x080027ac                USBD_CDC_RegisterInterface
 .text.USBD_CDC_SetTxBuffer
                0x080027bc       0x10 Middlewares/ST/STM32_USB_Device_Library/Class/CDC/Src/usbd_cdc.o
                0x080027bc                USBD_CDC_SetTxBuffer
 .text.USBD_CDC_SetRxBuffer
                0x080027cc        0xc Middlewares/ST/STM32_USB_Device_Library/Class/CDC/Src/usbd_cdc.o
                0x080027cc                USBD_CDC_SetRxBuffer
 .text.USBD_CDC_TransmitPacket
                0x080027d8       0x30 Middlewares/ST/STM32_USB_Device_Library/Class/CDC/Src/usbd_cdc.o
                0x080027d8                USBD_CDC_TransmitPacket
 .text.USBD_CDC_ReceivePacket
                0x08002808       0x34 Middlewares/ST/STM32_USB_Device_Library/Class/CDC/Src/usbd_cdc.o
                0x08002808                USBD_CDC_ReceivePacket
 .text.USBD_Init
                0x0800283c       0x30 Middlewares/ST/STM32_USB_Device_Library/Core/Src/usbd_core.o
                0x0800283c                USBD_Init
 .text.USBD_RegisterClass
                0x0800286c       0x10 Middlewares/ST/STM32_USB_Device_Library/Core/Src/usbd_core.o
                0x0800286c                USBD_RegisterClass
 .text.USBD_Start
                0x0800287c        0xc Middlewares/ST/STM32_USB_Device_Library/Core/Src/usbd_core.o
                0x0800287c                USBD_Start
 .text.USBD_SetClassConfig
                0x08002888       0x1c Middlewares/ST/STM32_USB_Device_Library/Core/Src/usbd_core.o
                0x08002888                USBD_SetClassConfig
 .text.USBD_ClrClassConfig
                0x080028a4       0x10 Middlewares/ST/STM32_USB_Device_Library/Core/Src/usbd_core.o
                0x080028a4                USBD_ClrClassConfig
 .text.USBD_LL_SetupStage
                0x080028b4       0x5c Middlewares/ST/STM32_USB_Device_Library/Core/Src/usbd_core.o
                0x080028b4                USBD_LL_SetupStage
 .text.USBD_LL_DataOutStage
                0x08002910       0x68 Middlewares/ST/STM32_USB_Device_Library/Core/Src/usbd_core.o
                0x08002910                USBD_LL_DataOutStage
 .text.USBD_LL_DataInStage
                0x08002978       0xac Middlewares/ST/STM32_USB_Device_Library/Core/Src/usbd_core.o
                0x08002978                USBD_LL_DataInStage
 .text.USBD_LL_Reset
                0x08002a24       0x40 Middlewares/ST/STM32_USB_Device_Library/Core/Src/usbd_core.o
                0x08002a24                USBD_LL_Reset
 .text.USBD_LL_SetSpeed
                0x08002a64        0x8 Middlewares/ST/STM32_USB_Device_Library/Core/Src/usbd_core.o
                0x08002a64                USBD_LL_SetSpeed
 .text.USBD_LL_Suspend
                0x08002a6c       0x14 Middlewares/ST/STM32_USB_Device_Library/Core/Src/usbd_core.o
                0x08002a6c                USBD_LL_Suspend
 .text.USBD_LL_Resume
                0x08002a80        0xc Middlewares/ST/STM32_USB_Device_Library/Core/Src/usbd_core.o
                0x08002a80                USBD_LL_Resume
 .text.USBD_LL_SOF
                0x08002a8c       0x18 Middlewares/ST/STM32_USB_Device_Library/Core/Src/usbd_core.o
                0x08002a8c                USBD_LL_SOF
 .text.USBD_GetLen
                0x08002aa4       0x14 Middlewares/ST/STM32_USB_Device_Library/Core/Src/usbd_ctlreq.o
 .text.USBD_SetFeature
                0x08002ab8       0x20 Middlewares/ST/STM32_USB_Device_Library/Core/Src/usbd_ctlreq.o
 .text.USBD_ParseSetupRequest
                0x08002ad8       0x28 Middlewares/ST/STM32_USB_Device_Library/Core/Src/usbd_ctlreq.o
                0x08002ad8                USBD_ParseSetupRequest
 .text.USBD_CtlError
                0x08002b00       0x14 Middlewares/ST/STM32_USB_Device_Library/Core/Src/usbd_ctlreq.o
                0x08002b00                USBD_CtlError
 .text.USBD_GetDescriptor
                0x08002b14      0x130 Middlewares/ST/STM32_USB_Device_Library/Core/Src/usbd_ctlreq.o
 .text.USBD_SetAddress
                0x08002c44       0x4c Middlewares/ST/STM32_USB_Device_Library/Core/Src/usbd_ctlreq.o
 .text.USBD_SetConfig
                0x08002c90       0xa8 Middlewares/ST/STM32_USB_Device_Library/Core/Src/usbd_ctlreq.o
 .text.USBD_GetConfig
                0x08002d38       0x3c Middlewares/ST/STM32_USB_Device_Library/Core/Src/usbd_ctlreq.o
 .text.USBD_GetStatus
                0x08002d74       0x2c Middlewares/ST/STM32_USB_Device_Library/Core/Src/usbd_ctlreq.o
 .text.USBD_ClrFeature
                0x08002da0       0x30 Middlewares/ST/STM32_USB_Device_Library/Core/Src/usbd_ctlreq.o
 .text.USBD_StdDevReq
                0x08002dd0       0x48 Middlewares/ST/STM32_USB_Device_Library/Core/Src/usbd_ctlreq.o
                0x08002dd0                USBD_StdDevReq
 .text.USBD_StdItfReq
                0x08002e18       0x38 Middlewares/ST/STM32_USB_Device_Library/Core/Src/usbd_ctlreq.o
                0x08002e18                USBD_StdItfReq
 .text.USBD_StdEPReq
                0x08002e50      0x11c Middlewares/ST/STM32_USB_Device_Library/Core/Src/usbd_ctlreq.o
                0x08002e50                USBD_StdEPReq
 .text.USBD_GetString
                0x08002f6c       0x3c Middlewares/ST/STM32_USB_Device_Library/Core/Src/usbd_ctlreq.o
                0x08002f6c                USBD_GetString
 .text.USBD_CtlSendData
                0x08002fa8       0x1c Middlewares/ST/STM32_USB_Device_Library/Core/Src/usbd_ioreq.o
                0x08002fa8                USBD_CtlSendData
 .text.USBD_CtlContinueSendData
                0x08002fc4       0x10 Middlewares/ST/STM32_USB_Device_Library/Core/Src/usbd_ioreq.o
                0x08002fc4                USBD_CtlContinueSendData
 .text.USBD_CtlPrepareRx
                0x08002fd4       0x20 Middlewares/ST/STM32_USB_Device_Library/Core/Src/usbd_ioreq.o
                0x08002fd4                USBD_CtlPrepareRx
 .text.USBD_CtlContinueRx
                0x08002ff4       0x10 Middlewares/ST/STM32_USB_Device_Library/Core/Src/usbd_ioreq.o
                0x08002ff4                USBD_CtlContinueRx
 .text.USBD_CtlSendStatus
                0x08003004       0x18 Middlewares/ST/STM32_USB_Device_Library/Core/Src/usbd_ioreq.o
                0x08003004                USBD_CtlSendStatus
 .text.USBD_CtlReceiveStatus
                0x0800301c       0x18 Middlewares/ST/STM32_USB_Device_Library/Core/Src/usbd_ioreq.o
                0x0800301c                USBD_CtlReceiveStatus
 .text.TextOut  0x08003034       0x48 Src/TextOut.o
                0x08003034                TextOut
 .text.nrf24nssHigh
                0x0800307c       0x14 Src/basestationNRF24.o
                0x0800307c                nrf24nssHigh
 .text.nrf24nssLow
                0x08003090       0x14 Src/basestationNRF24.o
                0x08003090                nrf24nssLow
 .text.nrf24ceHigh
                0x080030a4       0x14 Src/basestationNRF24.o
                0x080030a4                nrf24ceHigh
 .text.nrf24ceLow
                0x080030b8       0x14 Src/basestationNRF24.o
                0x080030b8                nrf24ceLow
 .text.nrf24irqRead
                0x080030cc       0x18 Src/basestationNRF24.o
                0x080030cc                nrf24irqRead
 .text.initBase
                0x080030e4       0x7c Src/basestationNRF24.o
                0x080030e4                initBase
 .text.sendPacket
                0x08003160       0x50 Src/basestationNRF24.o
                0x08003160                sendPacket
 .text.getAndProcessAck
                0x080031b0       0x6c Src/basestationNRF24.o
                0x080031b0                getAndProcessAck
 .text.setBit   0x0800321c       0x1c Src/bitops.o
                0x0800321c                setBit
 .text.MX_GPIO_Init
                0x08003238       0xa0 Src/gpio.o
                0x08003238                MX_GPIO_Init
 .text.tacticsCommTestLoop
                0x080032d8       0x44 Src/main.o
                0x080032d8                tacticsCommTestLoop
 .text._Error_Handler
                0x0800331c        0x4 Src/main.o
                0x0800331c                _Error_Handler
 .text.SystemClock_Config
                0x08003320       0x9c Src/main.o
                0x08003320                SystemClock_Config
 .text.main     0x080033bc       0x80 Src/main.o
                0x080033bc                main
 .text.softResetRegisters
                0x0800343c      0x108 Src/myNRF24.o
                0x0800343c                softResetRegisters
 .text.getStatusReg
                0x08003544        0xc Src/myNRF24.o
                0x08003544                getStatusReg
 .text.setTXaddress
                0x08003550       0x2c Src/myNRF24.o
                0x08003550                setTXaddress
 .text.setFreqChannel
                0x0800357c       0x18 Src/myNRF24.o
                0x0800357c                setFreqChannel
 .text.setDataPipes
                0x08003594        0xc Src/myNRF24.o
                0x08003594                setDataPipes
 .text.flushTX  0x080035a0       0x38 Src/myNRF24.o
                0x080035a0                flushTX
 .text.powerUpTX
                0x080035d8       0x34 Src/myNRF24.o
                0x080035d8                powerUpTX
 .text.flushRX  0x0800360c       0x38 Src/myNRF24.o
                0x0800360c                flushRX
 .text.NRFinit  0x08003644       0x50 Src/myNRF24.o
                0x08003644                NRFinit
 .text.sendData
                0x08003694       0x5c Src/myNRF24.o
                0x08003694                sendData
 .text.readData
                0x080036f0       0x44 Src/myNRF24.o
                0x080036f0                readData
 .text.getDynamicPayloadLength
                0x08003734       0x48 Src/myNRF24.o
                0x08003734                getDynamicPayloadLength
 .text.getAck   0x0800377c       0xbc Src/myNRF24.o
                0x0800377c                getAck
 .text.writeReg
                0x08003838       0xac Src/myNRF24basic.o
                0x08003838                writeReg
 .text.clearInterrupts
                0x080038e4        0xc Src/myNRF24basic.o
                0x080038e4                clearInterrupts
 .text.writeRegMulti
                0x080038f0       0x98 Src/myNRF24basic.o
                0x080038f0                writeRegMulti
 .text.readReg  0x08003988       0x64 Src/myNRF24basic.o
                0x08003988                readReg
 .text.robotDataToPacket
                0x080039ec       0xb0 Src/packing.o
                0x080039ec                robotDataToPacket
 .text.packetToRoboData
                0x08003a9c      0x10c Src/packing.o
                0x08003a9c                packetToRoboData
 .text.MX_SPI1_Init
                0x08003ba8       0x48 Src/spi.o
                0x08003ba8                MX_SPI1_Init
 .text.HAL_SPI_MspInit
                0x08003bf0       0x58 Src/spi.o
                0x08003bf0                HAL_SPI_MspInit
 .text.HAL_MspInit
                0x08003c48       0x90 Src/stm32f1xx_hal_msp.o
                0x08003c48                HAL_MspInit
 .text.NMI_Handler
                0x08003cd8        0x4 Src/stm32f1xx_it.o
                0x08003cd8                NMI_Handler
 .text.HardFault_Handler
                0x08003cdc        0x4 Src/stm32f1xx_it.o
                0x08003cdc                HardFault_Handler
 .text.MemManage_Handler
                0x08003ce0        0x4 Src/stm32f1xx_it.o
                0x08003ce0                MemManage_Handler
 .text.BusFault_Handler
                0x08003ce4        0x4 Src/stm32f1xx_it.o
                0x08003ce4                BusFault_Handler
 .text.UsageFault_Handler
                0x08003ce8        0x4 Src/stm32f1xx_it.o
                0x08003ce8                UsageFault_Handler
 .text.SVC_Handler
                0x08003cec        0x4 Src/stm32f1xx_it.o
                0x08003cec                SVC_Handler
 .text.DebugMon_Handler
                0x08003cf0        0x4 Src/stm32f1xx_it.o
                0x08003cf0                DebugMon_Handler
 .text.PendSV_Handler
                0x08003cf4        0x4 Src/stm32f1xx_it.o
                0x08003cf4                PendSV_Handler
 .text.SysTick_Handler
                0x08003cf8        0xc Src/stm32f1xx_it.o
                0x08003cf8                SysTick_Handler
 .text.USB_LP_CAN1_RX0_IRQHandler
                0x08003d04       0x10 Src/stm32f1xx_it.o
                0x08003d04                USB_LP_CAN1_RX0_IRQHandler
 .text.SystemInit
                0x08003d14       0x4c Src/system_stm32f1xx.o
                0x08003d14                SystemInit
 .text.MX_USB_DEVICE_Init
                0x08003d60       0x38 Src/usb_device.o
                0x08003d60                MX_USB_DEVICE_Init
 .text.CDC_DeInit_FS
                0x08003d98        0x4 Src/usbd_cdc_if.o
 .text.CDC_Control_FS
                0x08003d9c        0x4 Src/usbd_cdc_if.o
 .text.CDC_Receive_FS
                0x08003da0       0x40 Src/usbd_cdc_if.o
 .text.CDC_Init_FS
                0x08003de0       0x28 Src/usbd_cdc_if.o
 .text.CDC_Transmit_FS
                0x08003e08       0x2c Src/usbd_cdc_if.o
                0x08003e08                CDC_Transmit_FS
 .text.HAL_PCD_MspInit
                0x08003e34       0x40 Src/usbd_conf.o
                0x08003e34                HAL_PCD_MspInit
 .text.HAL_PCD_SetupStageCallback
                0x08003e74       0x10 Src/usbd_conf.o
                0x08003e74                HAL_PCD_SetupStageCallback
 .text.HAL_PCD_DataOutStageCallback
                0x08003e84       0x14 Src/usbd_conf.o
                0x08003e84                HAL_PCD_DataOutStageCallback
 .text.HAL_PCD_DataInStageCallback
                0x08003e98       0x14 Src/usbd_conf.o
                0x08003e98                HAL_PCD_DataInStageCallback
 .text.HAL_PCD_SOFCallback
                0x08003eac        0xc Src/usbd_conf.o
                0x08003eac                HAL_PCD_SOFCallback
 .text.HAL_PCD_ResetCallback
                0x08003eb8       0x18 Src/usbd_conf.o
                0x08003eb8                HAL_PCD_ResetCallback
 .text.HAL_PCD_SuspendCallback
                0x08003ed0       0x20 Src/usbd_conf.o
                0x08003ed0                HAL_PCD_SuspendCallback
 .text.HAL_PCD_ResumeCallback
                0x08003ef0        0xc Src/usbd_conf.o
                0x08003ef0                HAL_PCD_ResumeCallback
 .text.USBD_LL_Init
                0x08003efc       0x90 Src/usbd_conf.o
                0x08003efc                USBD_LL_Init
 .text.USBD_LL_Start
                0x08003f8c       0x20 Src/usbd_conf.o
                0x08003f8c                USBD_LL_Start
 .text.USBD_LL_OpenEP
                0x08003fac       0x24 Src/usbd_conf.o
                0x08003fac                USBD_LL_OpenEP
 .text.USBD_LL_CloseEP
                0x08003fd0       0x20 Src/usbd_conf.o
                0x08003fd0                USBD_LL_CloseEP
 .text.USBD_LL_StallEP
                0x08003ff0       0x20 Src/usbd_conf.o
                0x08003ff0                USBD_LL_StallEP
 .text.USBD_LL_ClearStallEP
                0x08004010       0x20 Src/usbd_conf.o
                0x08004010                USBD_LL_ClearStallEP
 .text.USBD_LL_IsStallEP
                0x08004030       0x28 Src/usbd_conf.o
                0x08004030                USBD_LL_IsStallEP
 .text.USBD_LL_SetUSBAddress
                0x08004058       0x20 Src/usbd_conf.o
                0x08004058                USBD_LL_SetUSBAddress
 .text.USBD_LL_Transmit
                0x08004078       0x20 Src/usbd_conf.o
                0x08004078                USBD_LL_Transmit
 .text.USBD_LL_PrepareReceive
                0x08004098       0x20 Src/usbd_conf.o
                0x08004098                USBD_LL_PrepareReceive
 .text.USBD_LL_GetRxDataSize
                0x080040b8        0xc Src/usbd_conf.o
                0x080040b8                USBD_LL_GetRxDataSize
 .text.USBD_static_malloc
                0x080040c4        0x8 Src/usbd_conf.o
                0x080040c4                USBD_static_malloc
 .text.USBD_static_free
                0x080040cc        0x4 Src/usbd_conf.o
                0x080040cc                USBD_static_free
 .text.HAL_PCDEx_SetConnectionState
                0x080040d0        0x4 Src/usbd_conf.o
                0x080040d0                HAL_PCDEx_SetConnectionState
 .text.USBD_FS_DeviceDescriptor
                0x080040d4        0xc Src/usbd_desc.o
                0x080040d4                USBD_FS_DeviceDescriptor
 .text.USBD_FS_LangIDStrDescriptor
                0x080040e0        0xc Src/usbd_desc.o
                0x080040e0                USBD_FS_LangIDStrDescriptor
 .text.USBD_FS_ProductStrDescriptor
                0x080040ec       0x24 Src/usbd_desc.o
                0x080040ec                USBD_FS_ProductStrDescriptor
 .text.USBD_FS_ManufacturerStrDescriptor
                0x08004110       0x1c Src/usbd_desc.o
                0x08004110                USBD_FS_ManufacturerStrDescriptor
 .text.USBD_FS_SerialStrDescriptor
                0x0800412c       0x24 Src/usbd_desc.o
                0x0800412c                USBD_FS_SerialStrDescriptor
 .text.USBD_FS_ConfigStrDescriptor
                0x08004150       0x24 Src/usbd_desc.o
                0x08004150                USBD_FS_ConfigStrDescriptor
 .text.USBD_FS_InterfaceStrDescriptor
                0x08004174       0x24 Src/usbd_desc.o
                0x08004174                USBD_FS_InterfaceStrDescriptor
 .text.Reset_Handler
                0x08004198       0x48 startup/startup_stm32f103xb.o
                0x08004198                Reset_Handler
 .text.Default_Handler
                0x080041e0        0x2 startup/startup_stm32f103xb.o
                0x080041e0                RTC_Alarm_IRQHandler
                0x080041e0                EXTI2_IRQHandler
                0x080041e0                TIM1_CC_IRQHandler
                0x080041e0                PVD_IRQHandler
                0x080041e0                EXTI3_IRQHandler
                0x080041e0                EXTI0_IRQHandler
                0x080041e0                I2C2_EV_IRQHandler
                0x080041e0                ADC1_2_IRQHandler
                0x080041e0                SPI1_IRQHandler
                0x080041e0                TAMPER_IRQHandler
                0x080041e0                DMA1_Channel4_IRQHandler
                0x080041e0                USART3_IRQHandler
                0x080041e0                RTC_IRQHandler
                0x080041e0                DMA1_Channel7_IRQHandler
                0x080041e0                CAN1_RX1_IRQHandler
                0x080041e0                TIM4_IRQHandler
                0x080041e0                I2C1_EV_IRQHandler
                0x080041e0                DMA1_Channel6_IRQHandler
                0x080041e0                TIM3_IRQHandler
                0x080041e0                RCC_IRQHandler
                0x080041e0                TIM1_TRG_COM_IRQHandler
                0x080041e0                DMA1_Channel1_IRQHandler
                0x080041e0                Default_Handler
                0x080041e0                EXTI15_10_IRQHandler
                0x080041e0                EXTI9_5_IRQHandler
                0x080041e0                SPI2_IRQHandler
                0x080041e0                DMA1_Channel5_IRQHandler
                0x080041e0                EXTI4_IRQHandler
                0x080041e0                USB_HP_CAN1_TX_IRQHandler
                0x080041e0                DMA1_Channel3_IRQHandler
                0x080041e0                TIM1_UP_IRQHandler
                0x080041e0                WWDG_IRQHandler
                0x080041e0                TIM2_IRQHandler
                0x080041e0                TIM1_BRK_IRQHandler
                0x080041e0                EXTI1_IRQHandler
                0x080041e0                USART2_IRQHandler
                0x080041e0                I2C2_ER_IRQHandler
                0x080041e0                DMA1_Channel2_IRQHandler
                0x080041e0                CAN1_SCE_IRQHandler
                0x080041e0                FLASH_IRQHandler
                0x080041e0                USART1_IRQHandler
                0x080041e0                I2C1_ER_IRQHandler
                0x080041e0                USBWakeUp_IRQHandler
 *fill*         0x080041e2        0x2 
 .text.__libc_init_array
                0x080041e4       0x4c c:/ac6/systemworkbench/plugins/fr.ac6.mcu.externaltools.arm-none.win32_1.13.3.201707031232/tools/compiler/bin/../lib/gcc/arm-none-eabi/5.4.1/../../../../arm-none-eabi/lib/armv7-m\libc_nano.a(lib_a-init.o)
                0x080041e4                __libc_init_array
 .text.memcpy   0x08004230       0x16 c:/ac6/systemworkbench/plugins/fr.ac6.mcu.externaltools.arm-none.win32_1.13.3.201707031232/tools/compiler/bin/../lib/gcc/arm-none-eabi/5.4.1/../../../../arm-none-eabi/lib/armv7-m\libc_nano.a(lib_a-memcpy-stub.o)
                0x08004230                memcpy
 *fill*         0x08004246        0x2 
 .text.sprintf  0x08004248       0x48 c:/ac6/systemworkbench/plugins/fr.ac6.mcu.externaltools.arm-none.win32_1.13.3.201707031232/tools/compiler/bin/../lib/gcc/arm-none-eabi/5.4.1/../../../../arm-none-eabi/lib/armv7-m\libc_nano.a(lib_a-sprintf.o)
                0x08004248                siprintf
                0x08004248                sprintf
 .text.strcpy   0x08004290       0x10 c:/ac6/systemworkbench/plugins/fr.ac6.mcu.externaltools.arm-none.win32_1.13.3.201707031232/tools/compiler/bin/../lib/gcc/arm-none-eabi/5.4.1/../../../../arm-none-eabi/lib/armv7-m\libc_nano.a(lib_a-strcpy.o)
                0x08004290                strcpy
 .text.__ssputs_r
                0x080042a0       0xb2 c:/ac6/systemworkbench/plugins/fr.ac6.mcu.externaltools.arm-none.win32_1.13.3.201707031232/tools/compiler/bin/../lib/gcc/arm-none-eabi/5.4.1/../../../../arm-none-eabi/lib/armv7-m\libc_nano.a(lib_a-nano-svfprintf.o)
                0x080042a0                __ssputs_r
 *fill*         0x08004352        0x2 
 .text._svfprintf_r
                0x08004354      0x1e8 c:/ac6/systemworkbench/plugins/fr.ac6.mcu.externaltools.arm-none.win32_1.13.3.201707031232/tools/compiler/bin/../lib/gcc/arm-none-eabi/5.4.1/../../../../arm-none-eabi/lib/armv7-m\libc_nano.a(lib_a-nano-svfprintf.o)
                0x08004354                _svfiprintf_r
                0x08004354                _svfprintf_r
 .text._printf_common
                0x0800453c       0xec c:/ac6/systemworkbench/plugins/fr.ac6.mcu.externaltools.arm-none.win32_1.13.3.201707031232/tools/compiler/bin/../lib/gcc/arm-none-eabi/5.4.1/../../../../arm-none-eabi/lib/armv7-m\libc_nano.a(lib_a-nano-vfprintf_i.o)
                0x0800453c                _printf_common
 .text._printf_i
                0x08004628      0x24c c:/ac6/systemworkbench/plugins/fr.ac6.mcu.externaltools.arm-none.win32_1.13.3.201707031232/tools/compiler/bin/../lib/gcc/arm-none-eabi/5.4.1/../../../../arm-none-eabi/lib/armv7-m\libc_nano.a(lib_a-nano-vfprintf_i.o)
                0x08004628                _printf_i
 .text.memchr   0x08004874       0x1c c:/ac6/systemworkbench/plugins/fr.ac6.mcu.externaltools.arm-none.win32_1.13.3.201707031232/tools/compiler/bin/../lib/gcc/arm-none-eabi/5.4.1/../../../../arm-none-eabi/lib/armv7-m\libc_nano.a(lib_a-memchr-stub.o)
                0x08004874                memchr
 .text.memmove  0x08004890       0x36 c:/ac6/systemworkbench/plugins/fr.ac6.mcu.externaltools.arm-none.win32_1.13.3.201707031232/tools/compiler/bin/../lib/gcc/arm-none-eabi/5.4.1/../../../../arm-none-eabi/lib/armv7-m\libc_nano.a(lib_a-memmove.o)
                0x08004890                memmove
 *fill*         0x080048c6        0x2 
 .text._free_r  0x080048c8       0x98 c:/ac6/systemworkbench/plugins/fr.ac6.mcu.externaltools.arm-none.win32_1.13.3.201707031232/tools/compiler/bin/../lib/gcc/arm-none-eabi/5.4.1/../../../../arm-none-eabi/lib/armv7-m\libc_nano.a(lib_a-nano-freer.o)
                0x080048c8                _free_r
 .text._malloc_r
                0x08004960       0xbc c:/ac6/systemworkbench/plugins/fr.ac6.mcu.externaltools.arm-none.win32_1.13.3.201707031232/tools/compiler/bin/../lib/gcc/arm-none-eabi/5.4.1/../../../../arm-none-eabi/lib/armv7-m\libc_nano.a(lib_a-nano-mallocr.o)
                0x08004960                _malloc_r
 .text._realloc_r
                0x08004a1c       0x4c c:/ac6/systemworkbench/plugins/fr.ac6.mcu.externaltools.arm-none.win32_1.13.3.201707031232/tools/compiler/bin/../lib/gcc/arm-none-eabi/5.4.1/../../../../arm-none-eabi/lib/armv7-m\libc_nano.a(lib_a-nano-reallocr.o)
                0x08004a1c                _realloc_r
 .text._sbrk_r  0x08004a68       0x20 c:/ac6/systemworkbench/plugins/fr.ac6.mcu.externaltools.arm-none.win32_1.13.3.201707031232/tools/compiler/bin/../lib/gcc/arm-none-eabi/5.4.1/../../../../arm-none-eabi/lib/armv7-m\libc_nano.a(lib_a-sbrkr.o)
                0x08004a68                _sbrk_r
 .text.__malloc_lock
                0x08004a88        0x2 c:/ac6/systemworkbench/plugins/fr.ac6.mcu.externaltools.arm-none.win32_1.13.3.201707031232/tools/compiler/bin/../lib/gcc/arm-none-eabi/5.4.1/../../../../arm-none-eabi/lib/armv7-m\libc_nano.a(lib_a-mlock.o)
                0x08004a88                __malloc_lock
 .text.__malloc_unlock
                0x08004a8a        0x2 c:/ac6/systemworkbench/plugins/fr.ac6.mcu.externaltools.arm-none.win32_1.13.3.201707031232/tools/compiler/bin/../lib/gcc/arm-none-eabi/5.4.1/../../../../arm-none-eabi/lib/armv7-m\libc_nano.a(lib_a-mlock.o)
                0x08004a8a                __malloc_unlock
 .text._malloc_usable_size_r
                0x08004a8c       0x14 c:/ac6/systemworkbench/plugins/fr.ac6.mcu.externaltools.arm-none.win32_1.13.3.201707031232/tools/compiler/bin/../lib/gcc/arm-none-eabi/5.4.1/../../../../arm-none-eabi/lib/armv7-m\libc_nano.a(lib_a-nano-msizer.o)
                0x08004a8c                _malloc_usable_size_r
 .text._sbrk    0x08004aa0       0x1c c:/ac6/systemworkbench/plugins/fr.ac6.mcu.externaltools.arm-none.win32_1.13.3.201707031232/tools/compiler/bin/../lib/gcc/arm-none-eabi/5.4.1/../../../../arm-none-eabi/lib/armv7-m\libnosys.a(sbrk.o)
                0x08004aa0                _sbrk
 *(.glue_7)
 .glue_7        0x08004abc        0x0 linker stubs
 *(.glue_7t)
 .glue_7t       0x08004abc        0x0 linker stubs
 *(.eh_frame)
 .eh_frame      0x08004abc        0x0 c:/ac6/systemworkbench/plugins/fr.ac6.mcu.externaltools.arm-none.win32_1.13.3.201707031232/tools/compiler/bin/../lib/gcc/arm-none-eabi/5.4.1/armv7-m/crtbegin.o
 *(.init)
 .init          0x08004abc        0x4 c:/ac6/systemworkbench/plugins/fr.ac6.mcu.externaltools.arm-none.win32_1.13.3.201707031232/tools/compiler/bin/../lib/gcc/arm-none-eabi/5.4.1/armv7-m/crti.o
                0x08004abc                _init
 .init          0x08004ac0        0x8 c:/ac6/systemworkbench/plugins/fr.ac6.mcu.externaltools.arm-none.win32_1.13.3.201707031232/tools/compiler/bin/../lib/gcc/arm-none-eabi/5.4.1/armv7-m/crtn.o
 *(.fini)
 .fini          0x08004ac8        0x4 c:/ac6/systemworkbench/plugins/fr.ac6.mcu.externaltools.arm-none.win32_1.13.3.201707031232/tools/compiler/bin/../lib/gcc/arm-none-eabi/5.4.1/armv7-m/crti.o
                0x08004ac8                _fini
 .fini          0x08004acc        0x8 c:/ac6/systemworkbench/plugins/fr.ac6.mcu.externaltools.arm-none.win32_1.13.3.201707031232/tools/compiler/bin/../lib/gcc/arm-none-eabi/5.4.1/armv7-m/crtn.o
                0x08004ad4                . = ALIGN (0x4)
                0x08004ad4                _etext = .

.vfp11_veneer   0x08004ad4        0x0
 .vfp11_veneer  0x08004ad4        0x0 linker stubs

.v4_bx          0x08004ad4        0x0
 .v4_bx         0x08004ad4        0x0 linker stubs

.iplt           0x08004ad4        0x0
 .iplt          0x08004ad4        0x0 c:/ac6/systemworkbench/plugins/fr.ac6.mcu.externaltools.arm-none.win32_1.13.3.201707031232/tools/compiler/bin/../lib/gcc/arm-none-eabi/5.4.1/armv7-m/crtbegin.o

.rodata         0x08004ad4      0x120
                0x08004ad4                . = ALIGN (0x4)
 *(.rodata)
 .rodata        0x08004ad4       0x12 Drivers/STM32F1xx_HAL_Driver/Src/stm32f1xx_hal_rcc.o
 *fill*         0x08004ae6        0x2 
 .rodata        0x08004ae8        0x5 Src/myNRF24.o
 *fill*         0x08004aed        0x3 
 .rodata        0x08004af0       0x18 Src/system_stm32f1xx.o
                0x08004af0                AHBPrescTable
                0x08004b00                APBPrescTable
 *(.rodata*)
 .rodata.str1.4
                0x08004b08       0x23 Src/basestationNRF24.o
 *fill*         0x08004b2b        0x1 
 .rodata.str1.4
                0x08004b2c       0x16 Src/main.o
 *fill*         0x08004b42        0x2 
 .rodata.str1.4
                0x08004b44        0xd Src/spi.o
 *fill*         0x08004b51        0x3 
 .rodata.str1.4
                0x08004b54       0x13 Src/usbd_conf.o
 *fill*         0x08004b67        0x1 
 .rodata.str1.4
                0x08004b68       0x58 Src/usbd_desc.o
                                 0x56 (size before relaxing)
 .rodata.str1.1
                0x08004bc0       0x11 c:/ac6/systemworkbench/plugins/fr.ac6.mcu.externaltools.arm-none.win32_1.13.3.201707031232/tools/compiler/bin/../lib/gcc/arm-none-eabi/5.4.1/../../../../arm-none-eabi/lib/armv7-m\libc_nano.a(lib_a-nano-svfprintf.o)
 .rodata.str1.1
                0x08004bd1       0x22 c:/ac6/systemworkbench/plugins/fr.ac6.mcu.externaltools.arm-none.win32_1.13.3.201707031232/tools/compiler/bin/../lib/gcc/arm-none-eabi/5.4.1/../../../../arm-none-eabi/lib/armv7-m\libc_nano.a(lib_a-nano-vfprintf_i.o)
                0x08004bf4                . = ALIGN (0x4)
 *fill*         0x08004bf3        0x1 

.rel.dyn        0x08004bf4        0x0
 .rel.iplt      0x08004bf4        0x0 c:/ac6/systemworkbench/plugins/fr.ac6.mcu.externaltools.arm-none.win32_1.13.3.201707031232/tools/compiler/bin/../lib/gcc/arm-none-eabi/5.4.1/armv7-m/crtbegin.o

.ARM.extab
 *(.ARM.extab* .gnu.linkonce.armextab.*)

.ARM            0x08004bf4        0x0
                0x08004bf4                __exidx_start = .
 *(.ARM.exidx*)
                0x08004bf4                __exidx_end = .

.preinit_array  0x08004bf4        0x0
                0x08004bf4                PROVIDE (__preinit_array_start, .)
 *(.preinit_array*)
                0x08004bf4                PROVIDE (__preinit_array_end, .)

.init_array     0x08004bf4        0x4
                0x08004bf4                PROVIDE (__init_array_start, .)
 *(SORT(.init_array.*))
 *(.init_array*)
 .init_array    0x08004bf4        0x4 c:/ac6/systemworkbench/plugins/fr.ac6.mcu.externaltools.arm-none.win32_1.13.3.201707031232/tools/compiler/bin/../lib/gcc/arm-none-eabi/5.4.1/armv7-m/crtbegin.o
                0x08004bf8                PROVIDE (__init_array_end, .)

.fini_array     0x08004bf8        0x4
                [!provide]                PROVIDE (__fini_array_start, .)
 *(SORT(.fini_array.*))
 *(.fini_array*)
 .fini_array    0x08004bf8        0x4 c:/ac6/systemworkbench/plugins/fr.ac6.mcu.externaltools.arm-none.win32_1.13.3.201707031232/tools/compiler/bin/../lib/gcc/arm-none-eabi/5.4.1/armv7-m/crtbegin.o
                [!provide]                PROVIDE (__fini_array_end, .)
                0x08004bfc                _sidata = LOADADDR (.data)

.data           0x20000000      0x1c4 load address 0x08004bfc
                0x20000000                . = ALIGN (0x4)
                0x20000000                _sdata = .
 *(.data)
 .data          0x20000000        0x8 Drivers/STM32F1xx_HAL_Driver/Src/stm32f1xx_hal.o
                0x20000000                uwTickFreq
                0x20000004                uwTickPrio
 .data          0x20000008      0x110 Middlewares/ST/STM32_USB_Device_Library/Class/CDC/Src/usbd_cdc.o
                0x20000008                USBD_CDC_CfgFSDesc
                0x2000004c                USBD_CDC_CfgHSDesc
                0x20000090                USBD_CDC_OtherSpeedCfgDesc
                0x200000e0                USBD_CDC
 .data          0x20000118        0x4 Src/system_stm32f1xx.o
                0x20000118                SystemCoreClock
 .data          0x2000011c       0x10 Src/usbd_cdc_if.o
                0x2000011c                USBD_Interface_fops_FS
 .data          0x2000012c       0x34 Src/usbd_desc.o
                0x2000012c                USBD_FS_DeviceDesc
                0x20000140                USBD_LangIDDesc
                0x20000144                FS_Desc
 *(.data*)
 .data.impure_data
                0x20000160       0x60 c:/ac6/systemworkbench/plugins/fr.ac6.mcu.externaltools.arm-none.win32_1.13.3.201707031232/tools/compiler/bin/../lib/gcc/arm-none-eabi/5.4.1/../../../../arm-none-eabi/lib/armv7-m\libc_nano.a(lib_a-impure.o)
 .data._impure_ptr
                0x200001c0        0x4 c:/ac6/systemworkbench/plugins/fr.ac6.mcu.externaltools.arm-none.win32_1.13.3.201707031232/tools/compiler/bin/../lib/gcc/arm-none-eabi/5.4.1/../../../../arm-none-eabi/lib/armv7-m\libc_nano.a(lib_a-impure.o)
                0x200001c0                _impure_ptr
                0x200001c4                . = ALIGN (0x4)
                0x200001c4                _edata = .

.jcr            0x200001c4        0x0 load address 0x08004dc0
 .jcr           0x200001c4        0x0 c:/ac6/systemworkbench/plugins/fr.ac6.mcu.externaltools.arm-none.win32_1.13.3.201707031232/tools/compiler/bin/../lib/gcc/arm-none-eabi/5.4.1/armv7-m/crtbegin.o

.igot.plt       0x200001c4        0x0 load address 0x08004dc0
 .igot.plt      0x200001c4        0x0 c:/ac6/systemworkbench/plugins/fr.ac6.mcu.externaltools.arm-none.win32_1.13.3.201707031232/tools/compiler/bin/../lib/gcc/arm-none-eabi/5.4.1/armv7-m/crtbegin.o
                0x200001c4                . = ALIGN (0x4)

.bss            0x200001c4     0x175c load address 0x08004dc0
                0x200001c4                _sbss = .
                0x200001c4                __bss_start__ = _sbss
 *(.bss)
 .bss           0x200001c4       0x1c c:/ac6/systemworkbench/plugins/fr.ac6.mcu.externaltools.arm-none.win32_1.13.3.201707031232/tools/compiler/bin/../lib/gcc/arm-none-eabi/5.4.1/armv7-m/crtbegin.o
 .bss           0x200001e0        0x1 Middlewares/ST/STM32_USB_Device_Library/Class/CDC/Src/usbd_cdc.o
 .bss           0x200001e1        0x1 Middlewares/ST/STM32_USB_Device_Library/Core/Src/usbd_ctlreq.o
 *fill*         0x200001e2        0x2 
 .bss           0x200001e4        0x4 Src/usbd_cdc_if.o
                0x200001e4                usbLength
 .bss           0x200001e8      0x220 Src/usbd_conf.o
 *(.bss*)
 .bss.__malloc_sbrk_start
                0x20000408        0x4 c:/ac6/systemworkbench/plugins/fr.ac6.mcu.externaltools.arm-none.win32_1.13.3.201707031232/tools/compiler/bin/../lib/gcc/arm-none-eabi/5.4.1/../../../../arm-none-eabi/lib/armv7-m\libc_nano.a(lib_a-nano-mallocr.o)
                0x20000408                __malloc_sbrk_start
 .bss.__malloc_free_list
                0x2000040c        0x4 c:/ac6/systemworkbench/plugins/fr.ac6.mcu.externaltools.arm-none.win32_1.13.3.201707031232/tools/compiler/bin/../lib/gcc/arm-none-eabi/5.4.1/../../../../arm-none-eabi/lib/armv7-m\libc_nano.a(lib_a-nano-mallocr.o)
                0x2000040c                __malloc_free_list
 .bss.heap_end.4167
                0x20000410        0x4 c:/ac6/systemworkbench/plugins/fr.ac6.mcu.externaltools.arm-none.win32_1.13.3.201707031232/tools/compiler/bin/../lib/gcc/arm-none-eabi/5.4.1/../../../../arm-none-eabi/lib/armv7-m\libnosys.a(sbrk.o)
 *(COMMON)
 COMMON         0x20000414        0x4 Drivers/STM32F1xx_HAL_Driver/Src/stm32f1xx_hal.o
                0x20000414                uwTick
 COMMON         0x20000418      0x400 Src/TextOut.o
                0x20000418                smallStrBuffer
 COMMON         0x20000818       0x18 Src/myNRF24.o
                0x20000818                spiHandle
                0x2000081c                ceLow
                0x20000820                nssLow
                0x20000824                irqRead
                0x20000828                ceHigh
                0x2000082c                nssHigh
 COMMON         0x20000830       0x58 Src/spi.o
                0x20000830                hspi1
 COMMON         0x20000888      0x224 Src/usb_device.o
                0x20000888                hUsbDeviceFS
 COMMON         0x20000aac      0x810 Src/usbd_cdc_if.o
                0x20000aac                UserRxBufferFS
                0x20000e94                usbData
                0x20000ed4                UserTxBufferFS
 COMMON         0x200012bc      0x460 Src/usbd_conf.o
                0x200012bc                hpcd_USB_FS
 COMMON         0x2000171c      0x200 Src/usbd_desc.o
                0x2000171c                USBD_StrDesc
 COMMON         0x2000191c        0x4 c:/ac6/systemworkbench/plugins/fr.ac6.mcu.externaltools.arm-none.win32_1.13.3.201707031232/tools/compiler/bin/../lib/gcc/arm-none-eabi/5.4.1/../../../../arm-none-eabi/lib/armv7-m\libc_nano.a(lib_a-reent.o)
                0x2000191c                errno
                0x20001920                . = ALIGN (0x4)
                0x20001920                _ebss = .
                0x20001920                __bss_end__ = _ebss

._user_heap_stack
                0x20001920      0x600 load address 0x08004dc0
                0x20001920                . = ALIGN (0x8)
                0x20001920                PROVIDE (end, .)
                [!provide]                PROVIDE (_end, .)
                0x20001b20                . = (. + _Min_Heap_Size)
 *fill*         0x20001920      0x200 
                0x20001f20                . = (. + _Min_Stack_Size)
 *fill*         0x20001b20      0x400 
                0x20001f20                . = ALIGN (0x8)

/DISCARD/
 libc.a(*)
 libm.a(*)
 libgcc.a(*)

.ARM.attributes
                0x00000000       0x29
 *(.ARM.attributes)
 .ARM.attributes
                0x00000000       0x1d c:/ac6/systemworkbench/plugins/fr.ac6.mcu.externaltools.arm-none.win32_1.13.3.201707031232/tools/compiler/bin/../lib/gcc/arm-none-eabi/5.4.1/armv7-m/crti.o
 .ARM.attributes
                0x0000001d       0x2d c:/ac6/systemworkbench/plugins/fr.ac6.mcu.externaltools.arm-none.win32_1.13.3.201707031232/tools/compiler/bin/../lib/gcc/arm-none-eabi/5.4.1/armv7-m/crtbegin.o
 .ARM.attributes
                0x0000004a       0x33 Drivers/STM32F1xx_HAL_Driver/Src/stm32f1xx_hal.o
 .ARM.attributes
                0x0000007d       0x33 Drivers/STM32F1xx_HAL_Driver/Src/stm32f1xx_hal_cortex.o
 .ARM.attributes
                0x000000b0       0x33 Drivers/STM32F1xx_HAL_Driver/Src/stm32f1xx_hal_gpio.o
 .ARM.attributes
                0x000000e3       0x33 Drivers/STM32F1xx_HAL_Driver/Src/stm32f1xx_hal_pcd.o
 .ARM.attributes
                0x00000116       0x33 Drivers/STM32F1xx_HAL_Driver/Src/stm32f1xx_hal_pcd_ex.o
 .ARM.attributes
                0x00000149       0x33 Drivers/STM32F1xx_HAL_Driver/Src/stm32f1xx_hal_rcc.o
 .ARM.attributes
                0x0000017c       0x33 Drivers/STM32F1xx_HAL_Driver/Src/stm32f1xx_hal_rcc_ex.o
 .ARM.attributes
                0x000001af       0x33 Drivers/STM32F1xx_HAL_Driver/Src/stm32f1xx_hal_spi.o
 .ARM.attributes
                0x000001e2       0x33 Drivers/STM32F1xx_HAL_Driver/Src/stm32f1xx_hal_spi_ex.o
 .ARM.attributes
                0x00000215       0x33 Drivers/STM32F1xx_HAL_Driver/Src/stm32f1xx_ll_usb.o
 .ARM.attributes
                0x00000248       0x33 Middlewares/ST/STM32_USB_Device_Library/Class/CDC/Src/usbd_cdc.o
 .ARM.attributes
                0x0000027b       0x33 Middlewares/ST/STM32_USB_Device_Library/Core/Src/usbd_core.o
 .ARM.attributes
                0x000002ae       0x33 Middlewares/ST/STM32_USB_Device_Library/Core/Src/usbd_ctlreq.o
 .ARM.attributes
                0x000002e1       0x33 Middlewares/ST/STM32_USB_Device_Library/Core/Src/usbd_ioreq.o
 .ARM.attributes
                0x00000314       0x33 Src/TextOut.o
 .ARM.attributes
                0x00000347       0x33 Src/basestationNRF24.o
 .ARM.attributes
                0x0000037a       0x33 Src/bitops.o
 .ARM.attributes
                0x000003ad       0x33 Src/gpio.o
 .ARM.attributes
                0x000003e0       0x33 Src/main.o
 .ARM.attributes
                0x00000413       0x33 Src/myNRF24.o
 .ARM.attributes
                0x00000446       0x33 Src/myNRF24basic.o
 .ARM.attributes
                0x00000479       0x33 Src/packing.o
 .ARM.attributes
                0x000004ac       0x33 Src/spi.o
 .ARM.attributes
                0x000004df       0x33 Src/stm32f1xx_hal_msp.o
 .ARM.attributes
                0x00000512       0x33 Src/stm32f1xx_it.o
 .ARM.attributes
                0x00000545       0x33 Src/system_stm32f1xx.o
 .ARM.attributes
                0x00000578       0x33 Src/usb_device.o
 .ARM.attributes
                0x000005ab       0x33 Src/usbd_cdc_if.o
 .ARM.attributes
                0x000005de       0x33 Src/usbd_conf.o
 .ARM.attributes
                0x00000611       0x33 Src/usbd_desc.o
 .ARM.attributes
                0x00000644       0x21 startup/startup_stm32f103xb.o
 .ARM.attributes
                0x00000665       0x2d c:/ac6/systemworkbench/plugins/fr.ac6.mcu.externaltools.arm-none.win32_1.13.3.201707031232/tools/compiler/bin/../lib/gcc/arm-none-eabi/5.4.1/../../../../arm-none-eabi/lib/armv7-m\libc_nano.a(lib_a-impure.o)
 .ARM.attributes
                0x00000692       0x2d c:/ac6/systemworkbench/plugins/fr.ac6.mcu.externaltools.arm-none.win32_1.13.3.201707031232/tools/compiler/bin/../lib/gcc/arm-none-eabi/5.4.1/../../../../arm-none-eabi/lib/armv7-m\libc_nano.a(lib_a-init.o)
 .ARM.attributes
                0x000006bf       0x2d c:/ac6/systemworkbench/plugins/fr.ac6.mcu.externaltools.arm-none.win32_1.13.3.201707031232/tools/compiler/bin/../lib/gcc/arm-none-eabi/5.4.1/../../../../arm-none-eabi/lib/armv7-m\libc_nano.a(lib_a-memcpy-stub.o)
 .ARM.attributes
                0x000006ec       0x2d c:/ac6/systemworkbench/plugins/fr.ac6.mcu.externaltools.arm-none.win32_1.13.3.201707031232/tools/compiler/bin/../lib/gcc/arm-none-eabi/5.4.1/../../../../arm-none-eabi/lib/armv7-m\libc_nano.a(lib_a-sprintf.o)
 .ARM.attributes
                0x00000719       0x2d c:/ac6/systemworkbench/plugins/fr.ac6.mcu.externaltools.arm-none.win32_1.13.3.201707031232/tools/compiler/bin/../lib/gcc/arm-none-eabi/5.4.1/../../../../arm-none-eabi/lib/armv7-m\libc_nano.a(lib_a-strcpy.o)
 .ARM.attributes
                0x00000746       0x17 c:/ac6/systemworkbench/plugins/fr.ac6.mcu.externaltools.arm-none.win32_1.13.3.201707031232/tools/compiler/bin/../lib/gcc/arm-none-eabi/5.4.1/../../../../arm-none-eabi/lib/armv7-m\libc_nano.a(lib_a-strlen.o)
 .ARM.attributes
                0x0000075d       0x2d c:/ac6/systemworkbench/plugins/fr.ac6.mcu.externaltools.arm-none.win32_1.13.3.201707031232/tools/compiler/bin/../lib/gcc/arm-none-eabi/5.4.1/../../../../arm-none-eabi/lib/armv7-m\libc_nano.a(lib_a-nano-svfprintf.o)
 .ARM.attributes
                0x0000078a       0x2d c:/ac6/systemworkbench/plugins/fr.ac6.mcu.externaltools.arm-none.win32_1.13.3.201707031232/tools/compiler/bin/../lib/gcc/arm-none-eabi/5.4.1/../../../../arm-none-eabi/lib/armv7-m\libc_nano.a(lib_a-nano-vfprintf_i.o)
 .ARM.attributes
                0x000007b7       0x2d c:/ac6/systemworkbench/plugins/fr.ac6.mcu.externaltools.arm-none.win32_1.13.3.201707031232/tools/compiler/bin/../lib/gcc/arm-none-eabi/5.4.1/../../../../arm-none-eabi/lib/armv7-m\libc_nano.a(lib_a-memchr-stub.o)
 .ARM.attributes
                0x000007e4       0x2d c:/ac6/systemworkbench/plugins/fr.ac6.mcu.externaltools.arm-none.win32_1.13.3.201707031232/tools/compiler/bin/../lib/gcc/arm-none-eabi/5.4.1/../../../../arm-none-eabi/lib/armv7-m\libc_nano.a(lib_a-memmove.o)
 .ARM.attributes
                0x00000811       0x2d c:/ac6/systemworkbench/plugins/fr.ac6.mcu.externaltools.arm-none.win32_1.13.3.201707031232/tools/compiler/bin/../lib/gcc/arm-none-eabi/5.4.1/../../../../arm-none-eabi/lib/armv7-m\libc_nano.a(lib_a-nano-freer.o)
 .ARM.attributes
                0x0000083e       0x2d c:/ac6/systemworkbench/plugins/fr.ac6.mcu.externaltools.arm-none.win32_1.13.3.201707031232/tools/compiler/bin/../lib/gcc/arm-none-eabi/5.4.1/../../../../arm-none-eabi/lib/armv7-m\libc_nano.a(lib_a-nano-mallocr.o)
 .ARM.attributes
                0x0000086b       0x2d c:/ac6/systemworkbench/plugins/fr.ac6.mcu.externaltools.arm-none.win32_1.13.3.201707031232/tools/compiler/bin/../lib/gcc/arm-none-eabi/5.4.1/../../../../arm-none-eabi/lib/armv7-m\libc_nano.a(lib_a-nano-reallocr.o)
 .ARM.attributes
                0x00000898       0x2d c:/ac6/systemworkbench/plugins/fr.ac6.mcu.externaltools.arm-none.win32_1.13.3.201707031232/tools/compiler/bin/../lib/gcc/arm-none-eabi/5.4.1/../../../../arm-none-eabi/lib/armv7-m\libc_nano.a(lib_a-sbrkr.o)
 .ARM.attributes
                0x000008c5       0x2d c:/ac6/systemworkbench/plugins/fr.ac6.mcu.externaltools.arm-none.win32_1.13.3.201707031232/tools/compiler/bin/../lib/gcc/arm-none-eabi/5.4.1/../../../../arm-none-eabi/lib/armv7-m\libc_nano.a(lib_a-mlock.o)
 .ARM.attributes
                0x000008f2       0x2d c:/ac6/systemworkbench/plugins/fr.ac6.mcu.externaltools.arm-none.win32_1.13.3.201707031232/tools/compiler/bin/../lib/gcc/arm-none-eabi/5.4.1/../../../../arm-none-eabi/lib/armv7-m\libc_nano.a(lib_a-nano-msizer.o)
 .ARM.attributes
                0x0000091f       0x2d c:/ac6/systemworkbench/plugins/fr.ac6.mcu.externaltools.arm-none.win32_1.13.3.201707031232/tools/compiler/bin/../lib/gcc/arm-none-eabi/5.4.1/../../../../arm-none-eabi/lib/armv7-m\libc_nano.a(lib_a-reent.o)
 .ARM.attributes
                0x0000094c       0x2d c:/ac6/systemworkbench/plugins/fr.ac6.mcu.externaltools.arm-none.win32_1.13.3.201707031232/tools/compiler/bin/../lib/gcc/arm-none-eabi/5.4.1/../../../../arm-none-eabi/lib/armv7-m\libnosys.a(sbrk.o)
 .ARM.attributes
                0x00000979       0x1d c:/ac6/systemworkbench/plugins/fr.ac6.mcu.externaltools.arm-none.win32_1.13.3.201707031232/tools/compiler/bin/../lib/gcc/arm-none-eabi/5.4.1/armv7-m/crtn.o
OUTPUT(blue_basestation.elf elf32-littlearm)

.debug_info     0x00000000    0x1260e
 .debug_info    0x00000000      0x734 Drivers/STM32F1xx_HAL_Driver/Src/stm32f1xx_hal.o
 .debug_info    0x00000734      0xc2e Drivers/STM32F1xx_HAL_Driver/Src/stm32f1xx_hal_cortex.o
 .debug_info    0x00001362      0x608 Drivers/STM32F1xx_HAL_Driver/Src/stm32f1xx_hal_gpio.o
 .debug_info    0x0000196a     0x1177 Drivers/STM32F1xx_HAL_Driver/Src/stm32f1xx_hal_pcd.o
 .debug_info    0x00002ae1      0x5a8 Drivers/STM32F1xx_HAL_Driver/Src/stm32f1xx_hal_pcd_ex.o
 .debug_info    0x00003089      0x9dd Drivers/STM32F1xx_HAL_Driver/Src/stm32f1xx_hal_rcc.o
 .debug_info    0x00003a66      0x41a Drivers/STM32F1xx_HAL_Driver/Src/stm32f1xx_hal_rcc_ex.o
 .debug_info    0x00003e80     0x1930 Drivers/STM32F1xx_HAL_Driver/Src/stm32f1xx_hal_spi.o
 .debug_info    0x000057b0      0x5c6 Drivers/STM32F1xx_HAL_Driver/Src/stm32f1xx_hal_spi_ex.o
 .debug_info    0x00005d76      0xefd Drivers/STM32F1xx_HAL_Driver/Src/stm32f1xx_ll_usb.o
 .debug_info    0x00006c73      0xd07 Middlewares/ST/STM32_USB_Device_Library/Class/CDC/Src/usbd_cdc.o
 .debug_info    0x0000797a      0xc42 Middlewares/ST/STM32_USB_Device_Library/Core/Src/usbd_core.o
 .debug_info    0x000085bc      0xdfb Middlewares/ST/STM32_USB_Device_Library/Core/Src/usbd_ctlreq.o
 .debug_info    0x000093b7      0x765 Middlewares/ST/STM32_USB_Device_Library/Core/Src/usbd_ioreq.o
 .debug_info    0x00009b1c      0x716 Src/TextOut.o
 .debug_info    0x0000a232      0xd05 Src/basestationNRF24.o
 .debug_info    0x0000af37       0xff Src/bitops.o
 .debug_info    0x0000b036      0x358 Src/gpio.o
 .debug_info    0x0000b38e      0xe45 Src/main.o
 .debug_info    0x0000c1d3     0x150e Src/myNRF24.o
 .debug_info    0x0000d6e1      0x976 Src/myNRF24basic.o
 .debug_info    0x0000e057      0x3d1 Src/packing.o
 .debug_info    0x0000e428      0x803 Src/spi.o
 .debug_info    0x0000ec2b      0x455 Src/stm32f1xx_hal_msp.o
 .debug_info    0x0000f080      0x5d6 Src/stm32f1xx_it.o
 .debug_info    0x0000f656      0x3eb Src/system_stm32f1xx.o
 .debug_info    0x0000fa41      0x616 Src/usb_device.o
 .debug_info    0x00010057      0x876 Src/usbd_cdc_if.o
 .debug_info    0x000108cd     0x17f7 Src/usbd_conf.o
 .debug_info    0x000120c4      0x4cf Src/usbd_desc.o
 .debug_info    0x00012593       0x7b startup/startup_stm32f103xb.o

.debug_abbrev   0x00000000     0x3796
 .debug_abbrev  0x00000000      0x1f5 Drivers/STM32F1xx_HAL_Driver/Src/stm32f1xx_hal.o
 .debug_abbrev  0x000001f5      0x2d9 Drivers/STM32F1xx_HAL_Driver/Src/stm32f1xx_hal_cortex.o
 .debug_abbrev  0x000004ce      0x1cd Drivers/STM32F1xx_HAL_Driver/Src/stm32f1xx_hal_gpio.o
 .debug_abbrev  0x0000069b      0x28c Drivers/STM32F1xx_HAL_Driver/Src/stm32f1xx_hal_pcd.o
 .debug_abbrev  0x00000927      0x16e Drivers/STM32F1xx_HAL_Driver/Src/stm32f1xx_hal_pcd_ex.o
 .debug_abbrev  0x00000a95      0x273 Drivers/STM32F1xx_HAL_Driver/Src/stm32f1xx_hal_rcc.o
 .debug_abbrev  0x00000d08      0x1b6 Drivers/STM32F1xx_HAL_Driver/Src/stm32f1xx_hal_rcc_ex.o
 .debug_abbrev  0x00000ebe      0x22c Drivers/STM32F1xx_HAL_Driver/Src/stm32f1xx_hal_spi.o
 .debug_abbrev  0x000010ea      0x14f Drivers/STM32F1xx_HAL_Driver/Src/stm32f1xx_hal_spi_ex.o
 .debug_abbrev  0x00001239      0x1c6 Drivers/STM32F1xx_HAL_Driver/Src/stm32f1xx_ll_usb.o
 .debug_abbrev  0x000013ff      0x24a Middlewares/ST/STM32_USB_Device_Library/Class/CDC/Src/usbd_cdc.o
 .debug_abbrev  0x00001649      0x1ef Middlewares/ST/STM32_USB_Device_Library/Core/Src/usbd_core.o
 .debug_abbrev  0x00001838      0x26c Middlewares/ST/STM32_USB_Device_Library/Core/Src/usbd_ctlreq.o
 .debug_abbrev  0x00001aa4      0x158 Middlewares/ST/STM32_USB_Device_Library/Core/Src/usbd_ioreq.o
 .debug_abbrev  0x00001bfc      0x1d1 Src/TextOut.o
 .debug_abbrev  0x00001dcd      0x275 Src/basestationNRF24.o
 .debug_abbrev  0x00002042       0x8e Src/bitops.o
 .debug_abbrev  0x000020d0      0x136 Src/gpio.o
 .debug_abbrev  0x00002206      0x256 Src/main.o
 .debug_abbrev  0x0000245c      0x363 Src/myNRF24.o
 .debug_abbrev  0x000027bf      0x201 Src/myNRF24basic.o
 .debug_abbrev  0x000029c0       0xdb Src/packing.o
 .debug_abbrev  0x00002a9b      0x196 Src/spi.o
 .debug_abbrev  0x00002c31      0x126 Src/stm32f1xx_hal_msp.o
 .debug_abbrev  0x00002d57      0x185 Src/stm32f1xx_it.o
 .debug_abbrev  0x00002edc      0x125 Src/system_stm32f1xx.o
 .debug_abbrev  0x00003001      0x170 Src/usb_device.o
 .debug_abbrev  0x00003171      0x21d Src/usbd_cdc_if.o
 .debug_abbrev  0x0000338e      0x28f Src/usbd_conf.o
 .debug_abbrev  0x0000361d      0x167 Src/usbd_desc.o
 .debug_abbrev  0x00003784       0x12 startup/startup_stm32f103xb.o

.debug_loc      0x00000000     0x766d
 .debug_loc     0x00000000      0x108 Drivers/STM32F1xx_HAL_Driver/Src/stm32f1xx_hal.o
 .debug_loc     0x00000108      0x527 Drivers/STM32F1xx_HAL_Driver/Src/stm32f1xx_hal_cortex.o
 .debug_loc     0x0000062f      0x377 Drivers/STM32F1xx_HAL_Driver/Src/stm32f1xx_hal_gpio.o
 .debug_loc     0x000009a6      0x998 Drivers/STM32F1xx_HAL_Driver/Src/stm32f1xx_hal_pcd.o
 .debug_loc     0x0000133e       0xd3 Drivers/STM32F1xx_HAL_Driver/Src/stm32f1xx_hal_pcd_ex.o
 .debug_loc     0x00001411      0x565 Drivers/STM32F1xx_HAL_Driver/Src/stm32f1xx_hal_rcc.o
 .debug_loc     0x00001976      0x2d4 Drivers/STM32F1xx_HAL_Driver/Src/stm32f1xx_hal_rcc_ex.o
 .debug_loc     0x00001c4a     0x17c9 Drivers/STM32F1xx_HAL_Driver/Src/stm32f1xx_hal_spi.o
 .debug_loc     0x00003413       0x37 Drivers/STM32F1xx_HAL_Driver/Src/stm32f1xx_hal_spi_ex.o
 .debug_loc     0x0000344a      0xb8a Drivers/STM32F1xx_HAL_Driver/Src/stm32f1xx_ll_usb.o
 .debug_loc     0x00003fd4      0x4b1 Middlewares/ST/STM32_USB_Device_Library/Class/CDC/Src/usbd_cdc.o
 .debug_loc     0x00004485      0x629 Middlewares/ST/STM32_USB_Device_Library/Core/Src/usbd_core.o
 .debug_loc     0x00004aae      0xb12 Middlewares/ST/STM32_USB_Device_Library/Core/Src/usbd_ctlreq.o
 .debug_loc     0x000055c0      0x23c Middlewares/ST/STM32_USB_Device_Library/Core/Src/usbd_ioreq.o
 .debug_loc     0x000057fc      0x12b Src/TextOut.o
 .debug_loc     0x00005927      0x12c Src/basestationNRF24.o
 .debug_loc     0x00005a53       0xb6 Src/bitops.o
 .debug_loc     0x00005b09       0x28 Src/main.o
 .debug_loc     0x00005b31      0x79f Src/myNRF24.o
 .debug_loc     0x000062d0      0x2e5 Src/myNRF24basic.o
 .debug_loc     0x000065b5       0x42 Src/packing.o
 .debug_loc     0x000065f7       0x4d Src/spi.o
 .debug_loc     0x00006644       0xdf Src/system_stm32f1xx.o
 .debug_loc     0x00006723      0x140 Src/usbd_cdc_if.o
 .debug_loc     0x00006863      0xb53 Src/usbd_conf.o
 .debug_loc     0x000073b6      0x2b7 Src/usbd_desc.o

.debug_aranges  0x00000000      0xe08
 .debug_aranges
                0x00000000       0xd0 Drivers/STM32F1xx_HAL_Driver/Src/stm32f1xx_hal.o
 .debug_aranges
                0x000000d0       0x90 Drivers/STM32F1xx_HAL_Driver/Src/stm32f1xx_hal_cortex.o
 .debug_aranges
                0x00000160       0x58 Drivers/STM32F1xx_HAL_Driver/Src/stm32f1xx_hal_gpio.o
 .debug_aranges
                0x000001b8      0x120 Drivers/STM32F1xx_HAL_Driver/Src/stm32f1xx_hal_pcd.o
 .debug_aranges
                0x000002d8       0x28 Drivers/STM32F1xx_HAL_Driver/Src/stm32f1xx_hal_pcd_ex.o
 .debug_aranges
                0x00000300       0x90 Drivers/STM32F1xx_HAL_Driver/Src/stm32f1xx_hal_rcc.o
 .debug_aranges
                0x00000390       0x30 Drivers/STM32F1xx_HAL_Driver/Src/stm32f1xx_hal_rcc_ex.o
 .debug_aranges
                0x000003c0      0x1d0 Drivers/STM32F1xx_HAL_Driver/Src/stm32f1xx_hal_spi.o
 .debug_aranges
                0x00000590       0x20 Drivers/STM32F1xx_HAL_Driver/Src/stm32f1xx_hal_spi_ex.o
 .debug_aranges
                0x000005b0      0x100 Drivers/STM32F1xx_HAL_Driver/Src/stm32f1xx_ll_usb.o
 .debug_aranges
                0x000006b0       0x90 Middlewares/ST/STM32_USB_Device_Library/Class/CDC/Src/usbd_cdc.o
 .debug_aranges
                0x00000740       0xb8 Middlewares/ST/STM32_USB_Device_Library/Core/Src/usbd_core.o
 .debug_aranges
                0x000007f8       0x88 Middlewares/ST/STM32_USB_Device_Library/Core/Src/usbd_ctlreq.o
 .debug_aranges
                0x00000880       0x50 Middlewares/ST/STM32_USB_Device_Library/Core/Src/usbd_ioreq.o
 .debug_aranges
                0x000008d0       0x30 Src/TextOut.o
 .debug_aranges
                0x00000900       0x58 Src/basestationNRF24.o
 .debug_aranges
                0x00000958       0x28 Src/bitops.o
 .debug_aranges
                0x00000980       0x20 Src/gpio.o
 .debug_aranges
                0x000009a0       0x40 Src/main.o
 .debug_aranges
                0x000009e0       0xe8 Src/myNRF24.o
 .debug_aranges
                0x00000ac8       0x40 Src/myNRF24basic.o
 .debug_aranges
                0x00000b08       0x38 Src/packing.o
 .debug_aranges
                0x00000b40       0x30 Src/spi.o
 .debug_aranges
                0x00000b70       0x20 Src/stm32f1xx_hal_msp.o
 .debug_aranges
                0x00000b90       0x68 Src/stm32f1xx_it.o
 .debug_aranges
                0x00000bf8       0x28 Src/system_stm32f1xx.o
 .debug_aranges
                0x00000c20       0x20 Src/usb_device.o
 .debug_aranges
                0x00000c40       0x40 Src/usbd_cdc_if.o
 .debug_aranges
                0x00000c80      0x110 Src/usbd_conf.o
 .debug_aranges
                0x00000d90       0x50 Src/usbd_desc.o
 .debug_aranges
                0x00000de0       0x28 startup/startup_stm32f103xb.o

.debug_ranges   0x00000000      0xc80
 .debug_ranges  0x00000000       0xc0 Drivers/STM32F1xx_HAL_Driver/Src/stm32f1xx_hal.o
 .debug_ranges  0x000000c0       0x80 Drivers/STM32F1xx_HAL_Driver/Src/stm32f1xx_hal_cortex.o
 .debug_ranges  0x00000140       0x48 Drivers/STM32F1xx_HAL_Driver/Src/stm32f1xx_hal_gpio.o
 .debug_ranges  0x00000188      0x110 Drivers/STM32F1xx_HAL_Driver/Src/stm32f1xx_hal_pcd.o
 .debug_ranges  0x00000298       0x18 Drivers/STM32F1xx_HAL_Driver/Src/stm32f1xx_hal_pcd_ex.o
 .debug_ranges  0x000002b0       0x98 Drivers/STM32F1xx_HAL_Driver/Src/stm32f1xx_hal_rcc.o
 .debug_ranges  0x00000348       0x38 Drivers/STM32F1xx_HAL_Driver/Src/stm32f1xx_hal_rcc_ex.o
 .debug_ranges  0x00000380      0x1c0 Drivers/STM32F1xx_HAL_Driver/Src/stm32f1xx_hal_spi.o
 .debug_ranges  0x00000540       0x10 Drivers/STM32F1xx_HAL_Driver/Src/stm32f1xx_hal_spi_ex.o
 .debug_ranges  0x00000550       0xf0 Drivers/STM32F1xx_HAL_Driver/Src/stm32f1xx_ll_usb.o
 .debug_ranges  0x00000640       0x80 Middlewares/ST/STM32_USB_Device_Library/Class/CDC/Src/usbd_cdc.o
 .debug_ranges  0x000006c0       0xa8 Middlewares/ST/STM32_USB_Device_Library/Core/Src/usbd_core.o
 .debug_ranges  0x00000768       0x78 Middlewares/ST/STM32_USB_Device_Library/Core/Src/usbd_ctlreq.o
 .debug_ranges  0x000007e0       0x40 Middlewares/ST/STM32_USB_Device_Library/Core/Src/usbd_ioreq.o
 .debug_ranges  0x00000820       0x20 Src/TextOut.o
 .debug_ranges  0x00000840       0x60 Src/basestationNRF24.o
 .debug_ranges  0x000008a0       0x18 Src/bitops.o
 .debug_ranges  0x000008b8       0x10 Src/gpio.o
 .debug_ranges  0x000008c8       0x30 Src/main.o
 .debug_ranges  0x000008f8       0xf0 Src/myNRF24.o
 .debug_ranges  0x000009e8       0x30 Src/myNRF24basic.o
 .debug_ranges  0x00000a18       0x28 Src/packing.o
 .debug_ranges  0x00000a40       0x20 Src/spi.o
 .debug_ranges  0x00000a60       0x10 Src/stm32f1xx_hal_msp.o
 .debug_ranges  0x00000a70       0x58 Src/stm32f1xx_it.o
 .debug_ranges  0x00000ac8       0x18 Src/system_stm32f1xx.o
 .debug_ranges  0x00000ae0       0x10 Src/usb_device.o
 .debug_ranges  0x00000af0       0x30 Src/usbd_cdc_if.o
 .debug_ranges  0x00000b20      0x100 Src/usbd_conf.o
 .debug_ranges  0x00000c20       0x40 Src/usbd_desc.o
 .debug_ranges  0x00000c60       0x20 startup/startup_stm32f103xb.o

.debug_macro    0x00000000    0x19286
 .debug_macro   0x00000000      0x30f Drivers/STM32F1xx_HAL_Driver/Src/stm32f1xx_hal.o
 .debug_macro   0x0000030f      0x880 Drivers/STM32F1xx_HAL_Driver/Src/stm32f1xx_hal.o
 .debug_macro   0x00000b8f       0x40 Drivers/STM32F1xx_HAL_Driver/Src/stm32f1xx_hal.o
 .debug_macro   0x00000bcf      0x169 Drivers/STM32F1xx_HAL_Driver/Src/stm32f1xx_hal.o
 .debug_macro   0x00000d38       0x2e Drivers/STM32F1xx_HAL_Driver/Src/stm32f1xx_hal.o
 .debug_macro   0x00000d66       0x22 Drivers/STM32F1xx_HAL_Driver/Src/stm32f1xx_hal.o
 .debug_macro   0x00000d88       0x22 Drivers/STM32F1xx_HAL_Driver/Src/stm32f1xx_hal.o
 .debug_macro   0x00000daa       0x87 Drivers/STM32F1xx_HAL_Driver/Src/stm32f1xx_hal.o
 .debug_macro   0x00000e31       0x44 Drivers/STM32F1xx_HAL_Driver/Src/stm32f1xx_hal.o
 .debug_macro   0x00000e75       0xfd Drivers/STM32F1xx_HAL_Driver/Src/stm32f1xx_hal.o
 .debug_macro   0x00000f72       0x5e Drivers/STM32F1xx_HAL_Driver/Src/stm32f1xx_hal.o
 .debug_macro   0x00000fd0      0x1df Drivers/STM32F1xx_HAL_Driver/Src/stm32f1xx_hal.o
 .debug_macro   0x000011af       0x34 Drivers/STM32F1xx_HAL_Driver/Src/stm32f1xx_hal.o
 .debug_macro   0x000011e3       0x34 Drivers/STM32F1xx_HAL_Driver/Src/stm32f1xx_hal.o
 .debug_macro   0x00001217      0xb8e Drivers/STM32F1xx_HAL_Driver/Src/stm32f1xx_hal.o
 .debug_macro   0x00001da5     0xe90a Drivers/STM32F1xx_HAL_Driver/Src/stm32f1xx_hal.o
 .debug_macro   0x000106af       0x43 Drivers/STM32F1xx_HAL_Driver/Src/stm32f1xx_hal.o
 .debug_macro   0x000106f2       0x52 Drivers/STM32F1xx_HAL_Driver/Src/stm32f1xx_hal.o
 .debug_macro   0x00010744       0x35 Drivers/STM32F1xx_HAL_Driver/Src/stm32f1xx_hal.o
 .debug_macro   0x00010779       0x9c Drivers/STM32F1xx_HAL_Driver/Src/stm32f1xx_hal.o
 .debug_macro   0x00010815       0x16 Drivers/STM32F1xx_HAL_Driver/Src/stm32f1xx_hal.o
 .debug_macro   0x0001082b       0x97 Drivers/STM32F1xx_HAL_Driver/Src/stm32f1xx_hal.o
 .debug_macro   0x000108c2      0x30d Drivers/STM32F1xx_HAL_Driver/Src/stm32f1xx_hal.o
 .debug_macro   0x00010bcf       0xfd Drivers/STM32F1xx_HAL_Driver/Src/stm32f1xx_hal.o
 .debug_macro   0x00010ccc       0x10 Drivers/STM32F1xx_HAL_Driver/Src/stm32f1xx_hal.o
 .debug_macro   0x00010cdc       0x52 Drivers/STM32F1xx_HAL_Driver/Src/stm32f1xx_hal.o
 .debug_macro   0x00010d2e       0x1f Drivers/STM32F1xx_HAL_Driver/Src/stm32f1xx_hal.o
 .debug_macro   0x00010d4d       0x43 Drivers/STM32F1xx_HAL_Driver/Src/stm32f1xx_hal.o
 .debug_macro   0x00010d90       0x20 Drivers/STM32F1xx_HAL_Driver/Src/stm32f1xx_hal.o
 .debug_macro   0x00010db0      0x187 Drivers/STM32F1xx_HAL_Driver/Src/stm32f1xx_hal.o
 .debug_macro   0x00010f37       0x10 Drivers/STM32F1xx_HAL_Driver/Src/stm32f1xx_hal.o
 .debug_macro   0x00010f47       0x1c Drivers/STM32F1xx_HAL_Driver/Src/stm32f1xx_hal.o
 .debug_macro   0x00010f63       0x52 Drivers/STM32F1xx_HAL_Driver/Src/stm32f1xx_hal.o
 .debug_macro   0x00010fb5       0x40 Drivers/STM32F1xx_HAL_Driver/Src/stm32f1xx_hal.o
 .debug_macro   0x00010ff5       0x10 Drivers/STM32F1xx_HAL_Driver/Src/stm32f1xx_hal.o
 .debug_macro   0x00011005       0x40 Drivers/STM32F1xx_HAL_Driver/Src/stm32f1xx_hal.o
 .debug_macro   0x00011045       0xd7 Drivers/STM32F1xx_HAL_Driver/Src/stm32f1xx_hal.o
 .debug_macro   0x0001111c       0x16 Drivers/STM32F1xx_HAL_Driver/Src/stm32f1xx_hal.o
 .debug_macro   0x00011132      0x18b Drivers/STM32F1xx_HAL_Driver/Src/stm32f1xx_hal.o
 .debug_macro   0x000112bd       0x50 Drivers/STM32F1xx_HAL_Driver/Src/stm32f1xx_hal.o
 .debug_macro   0x0001130d      0x5c2 Drivers/STM32F1xx_HAL_Driver/Src/stm32f1xx_hal.o
 .debug_macro   0x000118cf      0x28a Drivers/STM32F1xx_HAL_Driver/Src/stm32f1xx_hal.o
 .debug_macro   0x00011b59      0x1cb Drivers/STM32F1xx_HAL_Driver/Src/stm32f1xx_hal.o
 .debug_macro   0x00011d24      0x11e Drivers/STM32F1xx_HAL_Driver/Src/stm32f1xx_hal.o
 .debug_macro   0x00011e42      0x1b3 Drivers/STM32F1xx_HAL_Driver/Src/stm32f1xx_hal.o
 .debug_macro   0x00011ff5       0x27 Drivers/STM32F1xx_HAL_Driver/Src/stm32f1xx_hal.o
 .debug_macro   0x0001201c      0x1bc Drivers/STM32F1xx_HAL_Driver/Src/stm32f1xx_hal.o
 .debug_macro   0x000121d8       0x34 Drivers/STM32F1xx_HAL_Driver/Src/stm32f1xx_hal.o
 .debug_macro   0x0001220c       0x3c Drivers/STM32F1xx_HAL_Driver/Src/stm32f1xx_hal.o
 .debug_macro   0x00012248       0x57 Drivers/STM32F1xx_HAL_Driver/Src/stm32f1xx_hal.o
 .debug_macro   0x0001229f       0x8c Drivers/STM32F1xx_HAL_Driver/Src/stm32f1xx_hal.o
 .debug_macro   0x0001232b      0x242 Drivers/STM32F1xx_HAL_Driver/Src/stm32f1xx_hal.o
 .debug_macro   0x0001256d      0x143 Drivers/STM32F1xx_HAL_Driver/Src/stm32f1xx_hal.o
 .debug_macro   0x000126b0      0x1f4 Drivers/STM32F1xx_HAL_Driver/Src/stm32f1xx_hal.o
 .debug_macro   0x000128a4       0x50 Drivers/STM32F1xx_HAL_Driver/Src/stm32f1xx_hal.o
 .debug_macro   0x000128f4      0x26c Drivers/STM32F1xx_HAL_Driver/Src/stm32f1xx_hal.o
 .debug_macro   0x00012b60       0x83 Drivers/STM32F1xx_HAL_Driver/Src/stm32f1xx_hal.o
 .debug_macro   0x00012be3      0x2eb Drivers/STM32F1xx_HAL_Driver/Src/stm32f1xx_hal_cortex.o
 .debug_macro   0x00012ece      0x35b Drivers/STM32F1xx_HAL_Driver/Src/stm32f1xx_hal_gpio.o
 .debug_macro   0x00013229      0x2f7 Drivers/STM32F1xx_HAL_Driver/Src/stm32f1xx_hal_pcd.o
 .debug_macro   0x00013520      0x2eb Drivers/STM32F1xx_HAL_Driver/Src/stm32f1xx_hal_pcd_ex.o
 .debug_macro   0x0001380b      0x2fd Drivers/STM32F1xx_HAL_Driver/Src/stm32f1xx_hal_rcc.o
 .debug_macro   0x00013b08      0x2eb Drivers/STM32F1xx_HAL_Driver/Src/stm32f1xx_hal_rcc_ex.o
 .debug_macro   0x00013df3      0x2f3 Drivers/STM32F1xx_HAL_Driver/Src/stm32f1xx_hal_spi.o
 .debug_macro   0x000140e6      0x2eb Drivers/STM32F1xx_HAL_Driver/Src/stm32f1xx_hal_spi_ex.o
 .debug_macro   0x000143d1      0x2eb Drivers/STM32F1xx_HAL_Driver/Src/stm32f1xx_ll_usb.o
 .debug_macro   0x000146bc      0x3a1 Middlewares/ST/STM32_USB_Device_Library/Class/CDC/Src/usbd_cdc.o
 .debug_macro   0x00014a5d       0x4c Middlewares/ST/STM32_USB_Device_Library/Class/CDC/Src/usbd_cdc.o
 .debug_macro   0x00014aa9       0x8d Middlewares/ST/STM32_USB_Device_Library/Class/CDC/Src/usbd_cdc.o
 .debug_macro   0x00014b36       0x4a Middlewares/ST/STM32_USB_Device_Library/Class/CDC/Src/usbd_cdc.o
 .debug_macro   0x00014b80       0x16 Middlewares/ST/STM32_USB_Device_Library/Class/CDC/Src/usbd_cdc.o
 .debug_macro   0x00014b96       0x35 Middlewares/ST/STM32_USB_Device_Library/Class/CDC/Src/usbd_cdc.o
 .debug_macro   0x00014bcb       0x16 Middlewares/ST/STM32_USB_Device_Library/Class/CDC/Src/usbd_cdc.o
 .debug_macro   0x00014be1       0x29 Middlewares/ST/STM32_USB_Device_Library/Class/CDC/Src/usbd_cdc.o
 .debug_macro   0x00014c0a       0x16 Middlewares/ST/STM32_USB_Device_Library/Class/CDC/Src/usbd_cdc.o
 .debug_macro   0x00014c20       0x6a Middlewares/ST/STM32_USB_Device_Library/Class/CDC/Src/usbd_cdc.o
 .debug_macro   0x00014c8a      0x1c3 Middlewares/ST/STM32_USB_Device_Library/Class/CDC/Src/usbd_cdc.o
 .debug_macro   0x00014e4d       0x83 Middlewares/ST/STM32_USB_Device_Library/Class/CDC/Src/usbd_cdc.o
 .debug_macro   0x00014ed0      0x388 Middlewares/ST/STM32_USB_Device_Library/Core/Src/usbd_core.o
 .debug_macro   0x00015258      0x388 Middlewares/ST/STM32_USB_Device_Library/Core/Src/usbd_ctlreq.o
 .debug_macro   0x000155e0      0x384 Middlewares/ST/STM32_USB_Device_Library/Core/Src/usbd_ioreq.o
 .debug_macro   0x00015964      0x3b7 Src/TextOut.o
 .debug_macro   0x00015d1b      0x408 Src/basestationNRF24.o
 .debug_macro   0x00016123       0x10 Src/basestationNRF24.o
 .debug_macro   0x00016133      0x45d Src/basestationNRF24.o
 .debug_macro   0x00016590       0x46 Src/basestationNRF24.o
 .debug_macro   0x000165d6       0x1c Src/basestationNRF24.o
 .debug_macro   0x000165f2       0xa7 Src/bitops.o
 .debug_macro   0x00016699       0x82 Src/bitops.o
 .debug_macro   0x0001671b      0x2f5 Src/gpio.o
 .debug_macro   0x00016a10      0x448 Src/main.o
 .debug_macro   0x00016e58      0x333 Src/myNRF24.o
 .debug_macro   0x0001718b      0x31a Src/myNRF24basic.o
 .debug_macro   0x000174a5       0x3a Src/myNRF24basic.o
 .debug_macro   0x000174df       0xa2 Src/myNRF24basic.o
 .debug_macro   0x00017581       0x8d Src/myNRF24basic.o
 .debug_macro   0x0001760e      0x1c7 Src/packing.o
 .debug_macro   0x000177d5       0x16 Src/packing.o
 .debug_macro   0x000177eb      0x2ff Src/spi.o
 .debug_macro   0x00017aea      0x2eb Src/stm32f1xx_hal_msp.o
 .debug_macro   0x00017dd5      0x2f5 Src/stm32f1xx_it.o
 .debug_macro   0x000180ca      0x2f1 Src/system_stm32f1xx.o
 .debug_macro   0x000183bb      0x3bf Src/usb_device.o
 .debug_macro   0x0001877a      0x3a9 Src/usbd_cdc_if.o
 .debug_macro   0x00018b23      0x3a1 Src/usbd_conf.o
 .debug_macro   0x00018ec4      0x3c2 Src/usbd_desc.o

.debug_line     0x00000000    0x1098f
 .debug_line    0x00000000      0x8d0 Drivers/STM32F1xx_HAL_Driver/Src/stm32f1xx_hal.o
 .debug_line    0x000008d0      0x8bf Drivers/STM32F1xx_HAL_Driver/Src/stm32f1xx_hal_cortex.o
 .debug_line    0x0000118f      0x8a9 Drivers/STM32F1xx_HAL_Driver/Src/stm32f1xx_hal_gpio.o
 .debug_line    0x00001a38      0xbc0 Drivers/STM32F1xx_HAL_Driver/Src/stm32f1xx_hal_pcd.o
 .debug_line    0x000025f8      0x750 Drivers/STM32F1xx_HAL_Driver/Src/stm32f1xx_hal_pcd_ex.o
 .debug_line    0x00002d48      0xa02 Drivers/STM32F1xx_HAL_Driver/Src/stm32f1xx_hal_rcc.o
 .debug_line    0x0000374a      0x7df Drivers/STM32F1xx_HAL_Driver/Src/stm32f1xx_hal_rcc_ex.o
 .debug_line    0x00003f29     0x109c Drivers/STM32F1xx_HAL_Driver/Src/stm32f1xx_hal_spi.o
 .debug_line    0x00004fc5      0x74d Drivers/STM32F1xx_HAL_Driver/Src/stm32f1xx_hal_spi_ex.o
 .debug_line    0x00005712      0xb3f Drivers/STM32F1xx_HAL_Driver/Src/stm32f1xx_ll_usb.o
 .debug_line    0x00006251      0xa1b Middlewares/ST/STM32_USB_Device_Library/Class/CDC/Src/usbd_cdc.o
 .debug_line    0x00006c6c      0x9fc Middlewares/ST/STM32_USB_Device_Library/Core/Src/usbd_core.o
 .debug_line    0x00007668      0x9fa Middlewares/ST/STM32_USB_Device_Library/Core/Src/usbd_ctlreq.o
 .debug_line    0x00008062      0x8a9 Middlewares/ST/STM32_USB_Device_Library/Core/Src/usbd_ioreq.o
 .debug_line    0x0000890b      0x8e6 Src/TextOut.o
 .debug_line    0x000091f1      0x9b9 Src/basestationNRF24.o
 .debug_line    0x00009baa      0x357 Src/bitops.o
 .debug_line    0x00009f01      0x725 Src/gpio.o
 .debug_line    0x0000a626      0x9c0 Src/main.o
 .debug_line    0x0000afe6      0x9eb Src/myNRF24.o
 .debug_line    0x0000b9d1      0x809 Src/myNRF24basic.o
 .debug_line    0x0000c1da      0x4bb Src/packing.o
 .debug_line    0x0000c695      0x759 Src/spi.o
 .debug_line    0x0000cdee      0x720 Src/stm32f1xx_hal_msp.o
 .debug_line    0x0000d50e      0x7b6 Src/stm32f1xx_it.o
 .debug_line    0x0000dcc4      0x747 Src/system_stm32f1xx.o
 .debug_line    0x0000e40b      0x8ae Src/usb_device.o
 .debug_line    0x0000ecb9      0x8e0 Src/usbd_cdc_if.o
 .debug_line    0x0000f599      0xaef Src/usbd_conf.o
 .debug_line    0x00010088      0x88a Src/usbd_desc.o
 .debug_line    0x00010912       0x7d startup/startup_stm32f103xb.o

.debug_str      0x00000000    0x6f80c
 .debug_str     0x00000000    0x6a2e9 Drivers/STM32F1xx_HAL_Driver/Src/stm32f1xx_hal.o
                              0x6a67d (size before relaxing)
 .debug_str     0x0006a2e9      0x2eb Drivers/STM32F1xx_HAL_Driver/Src/stm32f1xx_hal_cortex.o
                              0x6a5d4 (size before relaxing)
 .debug_str     0x0006a5d4      0x3a3 Drivers/STM32F1xx_HAL_Driver/Src/stm32f1xx_hal_gpio.o
                              0x6a309 (size before relaxing)
 .debug_str     0x0006a977      0x811 Drivers/STM32F1xx_HAL_Driver/Src/stm32f1xx_hal_pcd.o
                              0x6a789 (size before relaxing)
 .debug_str     0x0006b188       0x57 Drivers/STM32F1xx_HAL_Driver/Src/stm32f1xx_hal_pcd_ex.o
                              0x6a266 (size before relaxing)
 .debug_str     0x0006b1df      0x384 Drivers/STM32F1xx_HAL_Driver/Src/stm32f1xx_hal_rcc.o
                              0x6a39c (size before relaxing)
 .debug_str     0x0006b563      0x12b Drivers/STM32F1xx_HAL_Driver/Src/stm32f1xx_hal_rcc_ex.o
                              0x6a0fc (size before relaxing)
 .debug_str     0x0006b68e      0x86f Drivers/STM32F1xx_HAL_Driver/Src/stm32f1xx_hal_spi.o
                              0x6a83d (size before relaxing)
 .debug_str     0x0006befd       0x3b Drivers/STM32F1xx_HAL_Driver/Src/stm32f1xx_hal_spi_ex.o
                              0x6a2fc (size before relaxing)
 .debug_str     0x0006bf38      0x15b Drivers/STM32F1xx_HAL_Driver/Src/stm32f1xx_ll_usb.o
                              0x6a439 (size before relaxing)
 .debug_str     0x0006c093     0x1298 Middlewares/ST/STM32_USB_Device_Library/Class/CDC/Src/usbd_cdc.o
                              0x6b2a1 (size before relaxing)
 .debug_str     0x0006d32b      0x294 Middlewares/ST/STM32_USB_Device_Library/Core/Src/usbd_core.o
                              0x6af6a (size before relaxing)
 .debug_str     0x0006d5bf      0x12e Middlewares/ST/STM32_USB_Device_Library/Core/Src/usbd_ctlreq.o
                              0x6ae84 (size before relaxing)
 .debug_str     0x0006d6ed       0x51 Middlewares/ST/STM32_USB_Device_Library/Core/Src/usbd_ioreq.o
                              0x6adb1 (size before relaxing)
 .debug_str     0x0006d73e       0xbc Src/TextOut.o
                              0x6b02f (size before relaxing)
 .debug_str     0x0006d7fa     0x15f5 Src/basestationNRF24.o
                              0x6c5d6 (size before relaxing)
 .debug_str     0x0006edef       0x2d Src/bitops.o
                               0x46dd (size before relaxing)
 .debug_str     0x0006ee1c       0x35 Src/gpio.o
                              0x69fab (size before relaxing)
 .debug_str     0x0006ee51      0x1c9 Src/main.o
                              0x6c8c7 (size before relaxing)
 .debug_str     0x0006f01a      0x2bb Src/myNRF24.o
                              0x6b992 (size before relaxing)
 .debug_str     0x0006f2d5       0x49 Src/myNRF24basic.o
                              0x6b63a (size before relaxing)
 .debug_str     0x0006f31e       0x56 Src/packing.o
                               0x8189 (size before relaxing)
 .debug_str     0x0006f374        0xd Src/spi.o
                              0x6a3af (size before relaxing)
 .debug_str     0x0006f381       0x1b Src/stm32f1xx_hal_msp.o
                              0x6a24a (size before relaxing)
 .debug_str     0x0006f39c       0xc4 Src/stm32f1xx_it.o
                              0x6a2bc (size before relaxing)
 .debug_str     0x0006f460       0x69 Src/system_stm32f1xx.o
                              0x69ff2 (size before relaxing)
 .debug_str     0x0006f4c9       0x33 Src/usb_device.o
                              0x6b021 (size before relaxing)
 .debug_str     0x0006f4fc       0x9e Src/usbd_cdc_if.o
                              0x6b132 (size before relaxing)
 .debug_str     0x0006f59a       0x51 Src/usbd_conf.o
                              0x6bae1 (size before relaxing)
 .debug_str     0x0006f5eb      0x221 Src/usbd_desc.o
                              0x6ac36 (size before relaxing)

.comment        0x00000000       0x6e
 .comment       0x00000000       0x6e Drivers/STM32F1xx_HAL_Driver/Src/stm32f1xx_hal.o
                                 0x6f (size before relaxing)
 .comment       0x0000006e       0x6f Drivers/STM32F1xx_HAL_Driver/Src/stm32f1xx_hal_cortex.o
 .comment       0x0000006e       0x6f Drivers/STM32F1xx_HAL_Driver/Src/stm32f1xx_hal_gpio.o
 .comment       0x0000006e       0x6f Drivers/STM32F1xx_HAL_Driver/Src/stm32f1xx_hal_pcd.o
 .comment       0x0000006e       0x6f Drivers/STM32F1xx_HAL_Driver/Src/stm32f1xx_hal_pcd_ex.o
 .comment       0x0000006e       0x6f Drivers/STM32F1xx_HAL_Driver/Src/stm32f1xx_hal_rcc.o
 .comment       0x0000006e       0x6f Drivers/STM32F1xx_HAL_Driver/Src/stm32f1xx_hal_rcc_ex.o
 .comment       0x0000006e       0x6f Drivers/STM32F1xx_HAL_Driver/Src/stm32f1xx_hal_spi.o
 .comment       0x0000006e       0x6f Drivers/STM32F1xx_HAL_Driver/Src/stm32f1xx_hal_spi_ex.o
 .comment       0x0000006e       0x6f Drivers/STM32F1xx_HAL_Driver/Src/stm32f1xx_ll_usb.o
 .comment       0x0000006e       0x6f Middlewares/ST/STM32_USB_Device_Library/Class/CDC/Src/usbd_cdc.o
 .comment       0x0000006e       0x6f Middlewares/ST/STM32_USB_Device_Library/Core/Src/usbd_core.o
 .comment       0x0000006e       0x6f Middlewares/ST/STM32_USB_Device_Library/Core/Src/usbd_ctlreq.o
 .comment       0x0000006e       0x6f Middlewares/ST/STM32_USB_Device_Library/Core/Src/usbd_ioreq.o
 .comment       0x0000006e       0x6f Src/TextOut.o
 .comment       0x0000006e       0x6f Src/basestationNRF24.o
 .comment       0x0000006e       0x6f Src/bitops.o
 .comment       0x0000006e       0x6f Src/gpio.o
 .comment       0x0000006e       0x6f Src/main.o
 .comment       0x0000006e       0x6f Src/myNRF24.o
 .comment       0x0000006e       0x6f Src/myNRF24basic.o
 .comment       0x0000006e       0x6f Src/packing.o
 .comment       0x0000006e       0x6f Src/spi.o
 .comment       0x0000006e       0x6f Src/stm32f1xx_hal_msp.o
 .comment       0x0000006e       0x6f Src/stm32f1xx_it.o
 .comment       0x0000006e       0x6f Src/system_stm32f1xx.o
 .comment       0x0000006e       0x6f Src/usb_device.o
 .comment       0x0000006e       0x6f Src/usbd_cdc_if.o
 .comment       0x0000006e       0x6f Src/usbd_conf.o
 .comment       0x0000006e       0x6f Src/usbd_desc.o

.debug_frame    0x00000000     0x25b0
 .debug_frame   0x00000000      0x1ac Drivers/STM32F1xx_HAL_Driver/Src/stm32f1xx_hal.o
 .debug_frame   0x000001ac      0x124 Drivers/STM32F1xx_HAL_Driver/Src/stm32f1xx_hal_cortex.o
 .debug_frame   0x000002d0       0xc4 Drivers/STM32F1xx_HAL_Driver/Src/stm32f1xx_hal_gpio.o
 .debug_frame   0x00000394      0x310 Drivers/STM32F1xx_HAL_Driver/Src/stm32f1xx_hal_pcd.o
 .debug_frame   0x000006a4       0x3c Drivers/STM32F1xx_HAL_Driver/Src/stm32f1xx_hal_pcd_ex.o
 .debug_frame   0x000006e0      0x170 Drivers/STM32F1xx_HAL_Driver/Src/stm32f1xx_hal_rcc.o
 .debug_frame   0x00000850       0x68 Drivers/STM32F1xx_HAL_Driver/Src/stm32f1xx_hal_rcc_ex.o
 .debug_frame   0x000008b8      0x558 Drivers/STM32F1xx_HAL_Driver/Src/stm32f1xx_hal_spi.o
 .debug_frame   0x00000e10       0x2c Drivers/STM32F1xx_HAL_Driver/Src/stm32f1xx_hal_spi_ex.o
 .debug_frame   0x00000e3c      0x230 Drivers/STM32F1xx_HAL_Driver/Src/stm32f1xx_ll_usb.o
 .debug_frame   0x0000106c      0x154 Middlewares/ST/STM32_USB_Device_Library/Class/CDC/Src/usbd_cdc.o
 .debug_frame   0x000011c0      0x1bc Middlewares/ST/STM32_USB_Device_Library/Core/Src/usbd_core.o
 .debug_frame   0x0000137c      0x178 Middlewares/ST/STM32_USB_Device_Library/Core/Src/usbd_ctlreq.o
 .debug_frame   0x000014f4       0xb8 Middlewares/ST/STM32_USB_Device_Library/Core/Src/usbd_ioreq.o
 .debug_frame   0x000015ac       0x60 Src/TextOut.o
 .debug_frame   0x0000160c       0xe4 Src/basestationNRF24.o
 .debug_frame   0x000016f0       0x30 Src/bitops.o
 .debug_frame   0x00001720       0x34 Src/gpio.o
 .debug_frame   0x00001754       0x94 Src/main.o
 .debug_frame   0x000017e8      0x2fc Src/myNRF24.o
 .debug_frame   0x00001ae4       0xd8 Src/myNRF24basic.o
 .debug_frame   0x00001bbc       0x88 Src/packing.o
 .debug_frame   0x00001c44       0x64 Src/spi.o
 .debug_frame   0x00001ca8       0x2c Src/stm32f1xx_hal_msp.o
 .debug_frame   0x00001cd4       0xc0 Src/stm32f1xx_it.o
 .debug_frame   0x00001d94       0x30 Src/system_stm32f1xx.o
 .debug_frame   0x00001dc4       0x28 Src/usb_device.o
 .debug_frame   0x00001dec       0x80 Src/usbd_cdc_if.o
 .debug_frame   0x00001e6c      0x2e0 Src/usbd_conf.o
 .debug_frame   0x0000214c       0xa8 Src/usbd_desc.o
 .debug_frame   0x000021f4       0x2c c:/ac6/systemworkbench/plugins/fr.ac6.mcu.externaltools.arm-none.win32_1.13.3.201707031232/tools/compiler/bin/../lib/gcc/arm-none-eabi/5.4.1/../../../../arm-none-eabi/lib/armv7-m\libc_nano.a(lib_a-init.o)
 .debug_frame   0x00002220       0x28 c:/ac6/systemworkbench/plugins/fr.ac6.mcu.externaltools.arm-none.win32_1.13.3.201707031232/tools/compiler/bin/../lib/gcc/arm-none-eabi/5.4.1/../../../../arm-none-eabi/lib/armv7-m\libc_nano.a(lib_a-memcpy-stub.o)